Archive member included to satisfy reference by file (symbol)

c:/program files (x86)/atmel/studio/7.0/toolchain/arm/arm-gnu-toolchain/bin/../lib/gcc/arm-none-eabi/6.3.1/thumb/v6-m\libgcc.a(_udivsi3.o)
                              src/ASF/sam0/drivers/sercom/i2c/i2c_sam0/i2c_master.o (__aeabi_uidiv)
c:/program files (x86)/atmel/studio/7.0/toolchain/arm/arm-gnu-toolchain/bin/../lib/gcc/arm-none-eabi/6.3.1/thumb/v6-m\libgcc.a(_dvmd_tls.o)
                              c:/program files (x86)/atmel/studio/7.0/toolchain/arm/arm-gnu-toolchain/bin/../lib/gcc/arm-none-eabi/6.3.1/thumb/v6-m\libgcc.a(_udivsi3.o) (__aeabi_idiv0)
c:/program files (x86)/atmel/studio/7.0/toolchain/arm/arm-gnu-toolchain/bin/../lib/gcc/arm-none-eabi/6.3.1/thumb/v6-m\libgcc.a(_muldi3.o)
                              src/ASF/sam0/drivers/sercom/sercom.o (__aeabi_lmul)
c:/program files (x86)/atmel/studio/7.0/toolchain/arm/arm-gnu-toolchain/bin/../lib/gcc/arm-none-eabi/6.3.1/thumb/v6-m\libgcc.a(adddf3.o)
                              src/ASF/sam0/drivers/sercom/i2c/i2c_sam0/i2c_master.o (__aeabi_dadd)
c:/program files (x86)/atmel/studio/7.0/toolchain/arm/arm-gnu-toolchain/bin/../lib/gcc/arm-none-eabi/6.3.1/thumb/v6-m\libgcc.a(divdf3.o)
                              src/ASF/sam0/drivers/sercom/i2c/i2c_sam0/i2c_master.o (__aeabi_ddiv)
c:/program files (x86)/atmel/studio/7.0/toolchain/arm/arm-gnu-toolchain/bin/../lib/gcc/arm-none-eabi/6.3.1/thumb/v6-m\libgcc.a(muldf3.o)
                              src/ASF/sam0/drivers/sercom/i2c/i2c_sam0/i2c_master.o (__aeabi_dmul)
c:/program files (x86)/atmel/studio/7.0/toolchain/arm/arm-gnu-toolchain/bin/../lib/gcc/arm-none-eabi/6.3.1/thumb/v6-m\libgcc.a(subdf3.o)
                              src/ASF/sam0/drivers/sercom/i2c/i2c_sam0/i2c_master.o (__aeabi_dsub)
c:/program files (x86)/atmel/studio/7.0/toolchain/arm/arm-gnu-toolchain/bin/../lib/gcc/arm-none-eabi/6.3.1/thumb/v6-m\libgcc.a(fixdfsi.o)
                              src/ASF/sam0/drivers/sercom/i2c/i2c_sam0/i2c_master.o (__aeabi_d2iz)
c:/program files (x86)/atmel/studio/7.0/toolchain/arm/arm-gnu-toolchain/bin/../lib/gcc/arm-none-eabi/6.3.1/thumb/v6-m\libgcc.a(floatunsidf.o)
                              src/ASF/sam0/drivers/sercom/i2c/i2c_sam0/i2c_master.o (__aeabi_ui2d)
c:/program files (x86)/atmel/studio/7.0/toolchain/arm/arm-gnu-toolchain/bin/../lib/gcc/arm-none-eabi/6.3.1/thumb/v6-m\libgcc.a(_clzsi2.o)
                              c:/program files (x86)/atmel/studio/7.0/toolchain/arm/arm-gnu-toolchain/bin/../lib/gcc/arm-none-eabi/6.3.1/thumb/v6-m\libgcc.a(adddf3.o) (__clzsi2)
c:/program files (x86)/atmel/studio/7.0/toolchain/arm/arm-gnu-toolchain/bin/../lib/gcc/arm-none-eabi/6.3.1/../../../../arm-none-eabi/lib/thumb/v6-m\libc_nano.a(lib_a-exit.o)
                              c:/program files (x86)/atmel/studio/7.0/toolchain/arm/arm-gnu-toolchain/bin/../lib/gcc/arm-none-eabi/6.3.1/../../../../arm-none-eabi/lib/thumb/v6-m/crt0.o (exit)
c:/program files (x86)/atmel/studio/7.0/toolchain/arm/arm-gnu-toolchain/bin/../lib/gcc/arm-none-eabi/6.3.1/../../../../arm-none-eabi/lib/thumb/v6-m\libc_nano.a(lib_a-impure.o)
                              c:/program files (x86)/atmel/studio/7.0/toolchain/arm/arm-gnu-toolchain/bin/../lib/gcc/arm-none-eabi/6.3.1/../../../../arm-none-eabi/lib/thumb/v6-m\libc_nano.a(lib_a-exit.o) (_global_impure_ptr)
c:/program files (x86)/atmel/studio/7.0/toolchain/arm/arm-gnu-toolchain/bin/../lib/gcc/arm-none-eabi/6.3.1/../../../../arm-none-eabi/lib/thumb/v6-m\libc_nano.a(lib_a-init.o)
                              c:/program files (x86)/atmel/studio/7.0/toolchain/arm/arm-gnu-toolchain/bin/../lib/gcc/arm-none-eabi/6.3.1/../../../../arm-none-eabi/lib/thumb/v6-m/crt0.o (__libc_init_array)
c:/program files (x86)/atmel/studio/7.0/toolchain/arm/arm-gnu-toolchain/bin/../lib/gcc/arm-none-eabi/6.3.1/../../../../arm-none-eabi/lib/thumb/v6-m\libc_nano.a(lib_a-memcpy-stub.o)
                              src/ASF/sam0/drivers/can/can.o (memcpy)
c:/program files (x86)/atmel/studio/7.0/toolchain/arm/arm-gnu-toolchain/bin/../lib/gcc/arm-none-eabi/6.3.1/../../../../arm-none-eabi/lib/thumb/v6-m\libc_nano.a(lib_a-memset.o)
                              c:/program files (x86)/atmel/studio/7.0/toolchain/arm/arm-gnu-toolchain/bin/../lib/gcc/arm-none-eabi/6.3.1/../../../../arm-none-eabi/lib/thumb/v6-m/crt0.o (memset)

Allocating common symbols
Common symbol       size              file

can_instance        0x4               src/main.o
board_config        0x3               src/main.o
_sercom_instances   0x10              src/ASF/sam0/drivers/sercom/sercom_interrupt.o
i2c_instance        0x28              src/main.o
wr_packet           0xc               src/main.o
gclk_chan_conf      0x1               src/ASF/sam0/drivers/can/can.o
rd_packet           0xc               src/main.o
_adc_instances      0x8               src/ASF/sam0/drivers/adc/adc_sam_l_c/adc_callback.o
[...]
Memory Configuration

Name             Origin             Length             Attributes
rom              0x00000000         0x00040000         xr
ram              0x20000000         0x00008000         xrw
*default*        0x00000000         0xffffffff

Linker script and memory map

LOAD c:/program files (x86)/atmel/studio/7.0/toolchain/arm/arm-gnu-toolchain/bin/../lib/gcc/arm-none-eabi/6.3.1/thumb/v6-m/crti.o
LOAD c:/program files (x86)/atmel/studio/7.0/toolchain/arm/arm-gnu-toolchain/bin/../lib/gcc/arm-none-eabi/6.3.1/thumb/v6-m/crtbegin.o
LOAD c:/program files (x86)/atmel/studio/7.0/toolchain/arm/arm-gnu-toolchain/bin/../lib/gcc/arm-none-eabi/6.3.1/../../../../arm-none-eabi/lib/thumb/v6-m/crt0.o
LOAD src/ASF/sam0/drivers/adc/adc_sam_l_c/adc.o
LOAD src/ASF/sam0/drivers/adc/adc_sam_l_c/adc_callback.o
LOAD src/ASF/sam0/drivers/port/port.o
LOAD src/ASF/sam0/drivers/sercom/i2c/i2c_sam0/i2c_master.o
LOAD src/ASF/sam0/drivers/sercom/i2c/i2c_sam0/i2c_master_interrupt.o
LOAD src/ASF/sam0/drivers/sercom/sercom.o
LOAD src/ASF/sam0/drivers/sercom/sercom_interrupt.o
LOAD src/ASF/common2/services/delay/sam0/systick_counter.o
LOAD src/ASF/sam0/drivers/can/can.o
LOAD src/ASF/common2/boards/user_board/init.o
LOAD src/ASF/common/utils/interrupt/interrupt_sam_nvic.o
LOAD src/ASF/sam0/drivers/system/clock/clock_samc20_c21/clock.o
LOAD src/ASF/sam0/drivers/system/clock/clock_samc20_c21/gclk.o
LOAD src/ASF/sam0/drivers/system/interrupt/system_interrupt.o
LOAD src/ASF/sam0/drivers/system/pinmux/pinmux.o
LOAD src/ASF/sam0/drivers/system/system.o
LOAD src/ASF/sam0/utils/cmsis/samc21/source/gcc/startup_samc21.o
LOAD src/ASF/sam0/utils/cmsis/samc21/source/system_samc21.o
LOAD src/ASF/sam0/utils/syscalls/gcc/syscalls.o
LOAD src/main.o
START GROUP
LOAD ../src/ASF/thirdparty/CMSIS/Lib/GCC\libarm_cortexM0l_math.a
LOAD c:/program files (x86)/atmel/studio/7.0/toolchain/arm/arm-gnu-toolchain/bin/../lib/gcc/arm-none-eabi/6.3.1/../../../../arm-none-eabi/lib/thumb/v6-m\libm.a
END GROUP
START GROUP
LOAD c:/program files (x86)/atmel/studio/7.0/toolchain/arm/arm-gnu-toolchain/bin/../lib/gcc/arm-none-eabi/6.3.1/thumb/v6-m\libgcc.a
LOAD c:/program files (x86)/atmel/studio/7.0/toolchain/arm/arm-gnu-toolchain/bin/../lib/gcc/arm-none-eabi/6.3.1/../../../../arm-none-eabi/lib/thumb/v6-m\libc_nano.a
END GROUP
START GROUP
LOAD c:/program files (x86)/atmel/studio/7.0/toolchain/arm/arm-gnu-toolchain/bin/../lib/gcc/arm-none-eabi/6.3.1/thumb/v6-m\libgcc.a
LOAD c:/program files (x86)/atmel/studio/7.0/toolchain/arm/arm-gnu-toolchain/bin/../lib/gcc/arm-none-eabi/6.3.1/../../../../arm-none-eabi/lib/thumb/v6-m\libc_nano.a
END GROUP
LOAD c:/program files (x86)/atmel/studio/7.0/toolchain/arm/arm-gnu-toolchain/bin/../lib/gcc/arm-none-eabi/6.3.1/thumb/v6-m/crtend.o
LOAD c:/program files (x86)/atmel/studio/7.0/toolchain/arm/arm-gnu-toolchain/bin/../lib/gcc/arm-none-eabi/6.3.1/thumb/v6-m/crtn.o
                0x00002000                STACK_SIZE = DEFINED (STACK_SIZE)?STACK_SIZE:DEFINED (__stack_size__)?__stack_size__:0x2000

.text           0x00000000     0x1588
                0x00000000                . = ALIGN (0x4)
                0x00000000                _sfixed = .
 *(.vectors .vectors.*)
 .vectors       0x00000000       0xbc src/ASF/sam0/utils/cmsis/samc21/source/gcc/startup_samc21.o
                0x00000000                exception_table
 *(.text .text.* .gnu.linkonce.t.*)
 .text          0x000000bc       0x60 c:/program files (x86)/atmel/studio/7.0/toolchain/arm/arm-gnu-toolchain/bin/../lib/gcc/arm-none-eabi/6.3.1/thumb/v6-m/crtbegin.o
 .text._adc_get_inst_index
                0x0000011c       0x24 src/ASF/sam0/drivers/adc/adc_sam_l_c/adc.o
                0x0000011c                _adc_get_inst_index
 .text.adc_get_config_defaults
                0x00000140       0x44 src/ASF/sam0/drivers/adc/adc_sam_l_c/adc.o
                0x00000140                adc_get_config_defaults
 .text.adc_init
                0x00000184      0x4f8 src/ASF/sam0/drivers/adc/adc_sam_l_c/adc.o
                0x00000184                adc_init
 .text._adc_interrupt_handler
                0x0000067c       0xc4 src/ASF/sam0/drivers/adc/adc_sam_l_c/adc_callback.o
 .text.ADC0_Handler
                0x00000740       0x10 src/ASF/sam0/drivers/adc/adc_sam_l_c/adc_callback.o
                0x00000740                ADC0_Handler
 .text.ADC1_Handler
                0x00000750       0x10 src/ASF/sam0/drivers/adc/adc_sam_l_c/adc_callback.o
                0x00000750                ADC1_Handler
 .text.adc_register_callback
                0x00000760       0x14 src/ASF/sam0/drivers/adc/adc_sam_l_c/adc_callback.o
                0x00000760                adc_register_callback
 .text.adc_read_buffer_job
                0x00000774       0x4c src/ASF/sam0/drivers/adc/adc_sam_l_c/adc_callback.o
                0x00000774                adc_read_buffer_job
 .text.port_pin_set_config
                0x000007c0       0x24 src/ASF/sam0/drivers/port/port.o
                0x000007c0                port_pin_set_config
 .text.port_group_set_config
                0x000007e4       0x24 src/ASF/sam0/drivers/port/port.o
                0x000007e4                port_group_set_config
 .text.SERCOM0_Handler
                0x00000808       0x10 src/ASF/sam0/drivers/sercom/sercom_interrupt.o
                0x00000808                SERCOM0_Handler
 .text.SERCOM1_Handler
                0x00000818       0x10 src/ASF/sam0/drivers/sercom/sercom_interrupt.o
                0x00000818                SERCOM1_Handler
 .text.SERCOM2_Handler
                0x00000828       0x10 src/ASF/sam0/drivers/sercom/sercom_interrupt.o
                0x00000828                SERCOM2_Handler
 .text.SERCOM3_Handler
                0x00000838       0x10 src/ASF/sam0/drivers/sercom/sercom_interrupt.o
                0x00000838                SERCOM3_Handler
 .text._can_enable_peripheral_clock
                0x00000848       0x38 src/ASF/sam0/drivers/can/can.o
 .text.can_init
                0x00000880      0x2fc src/ASF/sam0/drivers/can/can.o
                0x00000880                can_init
 .text.can_start
                0x00000b7c       0x16 src/ASF/sam0/drivers/can/can.o
                0x00000b7c                can_start
 *fill*         0x00000b92        0x2 
 .text.system_board_init
                0x00000b94       0x38 src/ASF/common2/boards/user_board/init.o
                0x00000b94                board_init
                0x00000b94                system_board_init
 .text.cpu_irq_enter_critical
                0x00000bcc       0x40 src/ASF/common/utils/interrupt/interrupt_sam_nvic.o
                0x00000bcc                cpu_irq_enter_critical
 .text.cpu_irq_leave_critical
                0x00000c0c       0x30 src/ASF/common/utils/interrupt/interrupt_sam_nvic.o
                0x00000c0c                cpu_irq_leave_critical
 .text.system_clock_init
                0x00000c3c       0x64 src/ASF/sam0/drivers/system/clock/clock_samc20_c21/clock.o
                0x00000c3c                system_clock_init
 .text.system_gclk_init
                0x00000ca0       0x24 src/ASF/sam0/drivers/system/clock/clock_samc20_c21/gclk.o
                0x00000ca0                system_gclk_init
 .text.system_gclk_gen_set_config
                0x00000cc4       0xac src/ASF/sam0/drivers/system/clock/clock_samc20_c21/gclk.o
                0x00000cc4                system_gclk_gen_set_config
 .text.system_gclk_gen_enable
                0x00000d70       0x40 src/ASF/sam0/drivers/system/clock/clock_samc20_c21/gclk.o
                0x00000d70                system_gclk_gen_enable
 .text.system_gclk_chan_enable
                0x00000db0       0x38 src/ASF/sam0/drivers/system/clock/clock_samc20_c21/gclk.o
                0x00000db0                system_gclk_chan_enable
 .text.system_gclk_chan_disable
                0x00000de8       0x38 src/ASF/sam0/drivers/system/clock/clock_samc20_c21/gclk.o
                0x00000de8                system_gclk_chan_disable
 .text.system_gclk_chan_set_config
                0x00000e20       0x24 src/ASF/sam0/drivers/system/clock/clock_samc20_c21/gclk.o
                0x00000e20                system_gclk_chan_set_config
 .text._system_pinmux_config
                0x00000e44       0xa8 src/ASF/sam0/drivers/system/pinmux/pinmux.o
 .text.system_pinmux_pin_set_config
                0x00000eec       0x2c src/ASF/sam0/drivers/system/pinmux/pinmux.o
                0x00000eec                system_pinmux_pin_set_config
 .text.system_pinmux_group_set_config
                0x00000f18       0x34 src/ASF/sam0/drivers/system/pinmux/pinmux.o
                0x00000f18                system_pinmux_group_set_config
 .text._system_dummy_init
                0x00000f4c        0x2 src/ASF/sam0/drivers/system/system.o
                0x00000f4c                _system_extint_init
                0x00000f4c                _system_events_init
                0x00000f4c                _system_dummy_init
                0x00000f4c                _system_divas_init
 *fill*         0x00000f4e        0x2 
 .text.system_init
                0x00000f50       0x2c src/ASF/sam0/drivers/system/system.o
                0x00000f50                system_init
 .text.Dummy_Handler
                0x00000f7c        0x2 src/ASF/sam0/utils/cmsis/samc21/source/gcc/startup_samc21.o
                0x00000f7c                DMAC_Handler
                0x00000f7c                HardFault_Handler
                0x00000f7c                TC2_Handler
                0x00000f7c                AC_Handler
                0x00000f7c                SysTick_Handler
                0x00000f7c                PendSV_Handler
                0x00000f7c                NMI_Handler
                0x00000f7c                TCC1_Handler
                0x00000f7c                TCC0_Handler
                0x00000f7c                RTC_Handler
                0x00000f7c                EIC_Handler
                0x00000f7c                WDT_Handler
                0x00000f7c                CAN0_Handler
                0x00000f7c                TC4_Handler
                0x00000f7c                TC1_Handler
                0x00000f7c                TC3_Handler
                0x00000f7c                SDADC_Handler
                0x00000f7c                Dummy_Handler
                0x00000f7c                CAN1_Handler
                0x00000f7c                TSENS_Handler
                0x00000f7c                SVC_Handler
                0x00000f7c                TCC2_Handler
                0x00000f7c                EVSYS_Handler
                0x00000f7c                NVMCTRL_Handler
                0x00000f7c                SYSTEM_Handler
                0x00000f7c                DAC_Handler
                0x00000f7c                PTC_Handler
                0x00000f7c                FREQM_Handler
                0x00000f7c                TC0_Handler
 *fill*         0x00000f7e        0x2 
 .text.Reset_Handler
                0x00000f80       0x88 src/ASF/sam0/utils/cmsis/samc21/source/gcc/startup_samc21.o
                0x00000f80                Reset_Handler
 .text.adc_callback
                0x00001008       0x8c src/main.o
                0x00001008                adc_callback
 .text.get_pinstrap_id
                0x00001094       0x30 src/main.o
                0x00001094                get_pinstrap_id
 .text.configure_adc
                0x000010c4       0x9c src/main.o
                0x000010c4                configure_adc
 .text.configure_can
                0x00001160       0xbc src/main.o
                0x00001160                configure_can
 .text.loop_adc
                0x0000121c       0x50 src/main.o
                0x0000121c                loop_adc
 .text.loop_can
                0x0000126c       0x64 src/main.o
                0x0000126c                loop_can
 .text.main     0x000012d0       0xec src/main.o
                0x000012d0                main
 .text.__libc_init_array
                0x000013bc       0x48 c:/program files (x86)/atmel/studio/7.0/toolchain/arm/arm-gnu-toolchain/bin/../lib/gcc/arm-none-eabi/6.3.1/../../../../arm-none-eabi/lib/thumb/v6-m\libc_nano.a(lib_a-init.o)
                0x000013bc                __libc_init_array
 *(.glue_7t)
 .glue_7t       0x00001404        0x0 linker stubs
 *(.glue_7)
 .glue_7        0x00001404        0x0 linker stubs
 *(.rodata .rodata* .gnu.linkonce.r.*)
 .rodata.adc_init
                0x00001404       0xd4 src/ASF/sam0/drivers/adc/adc_sam_l_c/adc.o
 .rodata        0x000014d8       0x60 src/ASF/sam0/drivers/adc/adc_sam_l_c/adc.o
 .rodata._adc_apbcmasks
                0x00001538        0x8 src/ASF/sam0/drivers/adc/adc_sam_l_c/adc.o
                0x00001538                _adc_apbcmasks
 .rodata._adc_biascomp_addr
                0x00001540        0x8 src/ASF/sam0/drivers/adc/adc_sam_l_c/adc.o
                0x00001540                _adc_biascomp_addr
 .rodata._adc_biascomp_pos
                0x00001548        0x2 src/ASF/sam0/drivers/adc/adc_sam_l_c/adc.o
                0x00001548                _adc_biascomp_pos
 *fill*         0x0000154a        0x2 
 .rodata._adc_biasrefbuf_addr
                0x0000154c        0x8 src/ASF/sam0/drivers/adc/adc_sam_l_c/adc.o
                0x0000154c                _adc_biasrefbuf_addr
 .rodata._adc_biasrefbuf_pos
                0x00001554        0x2 src/ASF/sam0/drivers/adc/adc_sam_l_c/adc.o
                0x00001554                _adc_biasrefbuf_pos
 *fill*         0x00001556        0x2 
 .rodata._adc_extchannel_msb
                0x00001558        0x8 src/ASF/sam0/drivers/adc/adc_sam_l_c/adc.o
                0x00001558                _adc_extchannel_msb
 .rodata._adc_gclk_ids
                0x00001560        0x2 src/ASF/sam0/drivers/adc/adc_sam_l_c/adc.o
                0x00001560                _adc_gclk_ids
 *fill*         0x00001562        0x2 
 .rodata.adc_interrupt_vectors.13802
                0x00001564        0x2 src/main.o
 *(.ARM.extab* .gnu.linkonce.armextab.*)
                0x00001568                . = ALIGN (0x4)
 *fill*         0x00001566        0x2 
 *(.init)
 .init          0x00001568        0x4 c:/program files (x86)/atmel/studio/7.0/toolchain/arm/arm-gnu-toolchain/bin/../lib/gcc/arm-none-eabi/6.3.1/thumb/v6-m/crti.o
                0x00001568                _init
 .init          0x0000156c        0x8 c:/program files (x86)/atmel/studio/7.0/toolchain/arm/arm-gnu-toolchain/bin/../lib/gcc/arm-none-eabi/6.3.1/thumb/v6-m/crtn.o
                0x00001574                . = ALIGN (0x4)
                0x00001574                __preinit_array_start = .
 *(.preinit_array)
                0x00001574                __preinit_array_end = .
                0x00001574                . = ALIGN (0x4)
                0x00001574                __init_array_start = .
 *(SORT(.init_array.*))
 *(.init_array)
 .init_array    0x00001574        0x4 c:/program files (x86)/atmel/studio/7.0/toolchain/arm/arm-gnu-toolchain/bin/../lib/gcc/arm-none-eabi/6.3.1/thumb/v6-m/crtbegin.o
                0x00001578                __init_array_end = .
                0x00001578                . = ALIGN (0x4)
 *crtbegin.o(.ctors)
 *(EXCLUDE_FILE(*crtend.o) .ctors)
 *(SORT(.ctors.*))
 *crtend.o(.ctors)
                0x00001578                . = ALIGN (0x4)
 *(.fini)
 .fini          0x00001578        0x4 c:/program files (x86)/atmel/studio/7.0/toolchain/arm/arm-gnu-toolchain/bin/../lib/gcc/arm-none-eabi/6.3.1/thumb/v6-m/crti.o
                0x00001578                _fini
 .fini          0x0000157c        0x8 c:/program files (x86)/atmel/studio/7.0/toolchain/arm/arm-gnu-toolchain/bin/../lib/gcc/arm-none-eabi/6.3.1/thumb/v6-m/crtn.o
                0x00001584                . = ALIGN (0x4)
                0x00001584                __fini_array_start = .
 *(.fini_array)
 .fini_array    0x00001584        0x4 c:/program files (x86)/atmel/studio/7.0/toolchain/arm/arm-gnu-toolchain/bin/../lib/gcc/arm-none-eabi/6.3.1/thumb/v6-m/crtbegin.o
 *(SORT(.fini_array.*))
                0x00001588                __fini_array_end = .
 *crtbegin.o(.dtors)
 *(EXCLUDE_FILE(*crtend.o) .dtors)
 *(SORT(.dtors.*))
 *crtend.o(.dtors)
                0x00001588                . = ALIGN (0x4)
                0x00001588                _efixed = .
                [!provide]                PROVIDE (__exidx_start, .)

.vfp11_veneer   0x00001588        0x0
 .vfp11_veneer  0x00001588        0x0 linker stubs

.v4_bx          0x00001588        0x0
 .v4_bx         0x00001588        0x0 linker stubs

.iplt           0x00001588        0x0
 .iplt          0x00001588        0x0 c:/program files (x86)/atmel/studio/7.0/toolchain/arm/arm-gnu-toolchain/bin/../lib/gcc/arm-none-eabi/6.3.1/thumb/v6-m/crtbegin.o

.eh_frame       0x00001588        0x0
 .eh_frame      0x00001588        0x0 c:/program files (x86)/atmel/studio/7.0/toolchain/arm/arm-gnu-toolchain/bin/../lib/gcc/arm-none-eabi/6.3.1/thumb/v6-m/crtbegin.o

.rel.dyn        0x00001588        0x0
 .rel.iplt      0x00001588        0x0 c:/program files (x86)/atmel/studio/7.0/toolchain/arm/arm-gnu-toolchain/bin/../lib/gcc/arm-none-eabi/6.3.1/thumb/v6-m/crtbegin.o

.jcr            0x00001588        0x0
 .jcr           0x00001588        0x0 c:/program files (x86)/atmel/studio/7.0/toolchain/arm/arm-gnu-toolchain/bin/../lib/gcc/arm-none-eabi/6.3.1/thumb/v6-m/crtbegin.o

.igot.plt       0x00001588        0x0
 .igot.plt      0x00001588        0x0 c:/program files (x86)/atmel/studio/7.0/toolchain/arm/arm-gnu-toolchain/bin/../lib/gcc/arm-none-eabi/6.3.1/thumb/v6-m/crtbegin.o

.ARM.exidx
 *(.ARM.exidx* .gnu.linkonce.armexidx.*)
                [!provide]                PROVIDE (__exidx_end, .)
                0x00001588                . = ALIGN (0x4)
                0x00001588                _etext = .

.relocate       0x20000000       0x18 load address 0x00001588
                0x20000000                . = ALIGN (0x4)
                0x20000000                _srelocate = .
 *(.ramfunc .ramfunc.*)
 *(.data .data.*)
 .data.g_interrupt_enabled
                0x20000000        0x1 src/ASF/common/utils/interrupt/interrupt_sam_nvic.o
                0x20000000                g_interrupt_enabled
 *fill*         0x20000001        0x3 
 .data.adc_channel
                0x20000004       0x10 src/main.o
                0x20000004                adc_channel
 .data.board_id
                0x20000014        0x1 src/main.o
                0x20000014                board_id
 .data.board_type
                0x20000015        0x1 src/main.o
                0x20000015                board_type
 .data.id.14684
                0x20000016        0x1 src/main.o
                0x20000018                . = ALIGN (0x4)
 *fill*         0x20000017        0x1 
                0x20000018                _erelocate = .

.bss            0x20000018      0xa3c load address 0x000015a0
                0x20000018                . = ALIGN (0x4)
                0x20000018                _sbss = .
                0x20000018                _szero = .
 *(.bss .bss.*)
 .bss           0x20000018       0x1c c:/program files (x86)/atmel/studio/7.0/toolchain/arm/arm-gnu-toolchain/bin/../lib/gcc/arm-none-eabi/6.3.1/thumb/v6-m/crtbegin.o
 .bss._sercom_interrupt_handlers
                0x20000034       0x10 src/ASF/sam0/drivers/sercom/sercom_interrupt.o
 .bss.can0_rx_buffer
                0x20000044      0x100 src/ASF/sam0/drivers/can/can.o
 .bss.can0_rx_extended_filter
                0x20000144       0x80 src/ASF/sam0/drivers/can/can.o
 .bss.can0_rx_fifo_0
                0x200001c4      0x100 src/ASF/sam0/drivers/can/can.o
 .bss.can0_rx_fifo_1
                0x200002c4      0x100 src/ASF/sam0/drivers/can/can.o
 .bss.can0_rx_standard_filter
                0x200003c4       0x80 src/ASF/sam0/drivers/can/can.o
 .bss.can0_tx_buffer
                0x20000444       0x80 src/ASF/sam0/drivers/can/can.o
 .bss.can0_tx_event_fifo
                0x200004c4       0x40 src/ASF/sam0/drivers/can/can.o
 .bss.can1_rx_buffer
                0x20000504      0x100 src/ASF/sam0/drivers/can/can.o
 .bss.can1_rx_extended_filter
                0x20000604       0x80 src/ASF/sam0/drivers/can/can.o
 .bss.can1_rx_fifo_0
                0x20000684      0x100 src/ASF/sam0/drivers/can/can.o
 .bss.can1_rx_fifo_1
                0x20000784      0x100 src/ASF/sam0/drivers/can/can.o
 .bss.can1_rx_standard_filter
                0x20000884       0x80 src/ASF/sam0/drivers/can/can.o
 .bss.can1_tx_buffer
                0x20000904       0x80 src/ASF/sam0/drivers/can/can.o
 .bss.can1_tx_event_fifo
                0x20000984       0x40 src/ASF/sam0/drivers/can/can.o
 .bss.cpu_irq_critical_section_counter
                0x200009c4        0x4 src/ASF/common/utils/interrupt/interrupt_sam_nvic.o
 .bss.cpu_irq_prev_interrupt_state
                0x200009c8        0x1 src/ASF/common/utils/interrupt/interrupt_sam_nvic.o
 .bss.adc_channel_index
                0x200009c9        0x1 src/main.o
                0x200009c9                adc_channel_index
 *fill*         0x200009ca        0x2 
 .bss.adc_channel_vals
                0x200009cc        0x8 src/main.o
                0x200009cc                adc_channel_vals
 .bss.adc_sample_buffer
                0x200009d4        0x8 src/main.o
                0x200009d4                adc_sample_buffer
 .bss.adc_section_done
                0x200009dc        0x1 src/main.o
                0x200009dc                adc_section_done
 .bss.i2c_section_done
                0x200009dd        0x1 src/main.o
                0x200009dd                i2c_section_done
 *(COMMON)
 *fill*         0x200009de        0x2 
 COMMON         0x200009e0        0x8 src/ASF/sam0/drivers/adc/adc_sam_l_c/adc_callback.o
                0x200009e0                _adc_instances
 COMMON         0x200009e8        0x1 src/ASF/sam0/drivers/can/can.o
                0x200009e8                gclk_chan_conf
 *fill*         0x200009e9        0x3 
 COMMON         0x200009ec       0x68 src/main.o
                0x200009ec                can_instance
                0x200009f0                board_config
                0x200009f4                i2c_instance
                0x20000a1c                wr_packet
                0x20000a28                rd_packet
                0x20000a34                adc_instance
                0x20000a54                . = ALIGN (0x4)
                0x20000a54                _ebss = .
                0x20000a54                _ezero = .

.stack          0x20000a54     0x2004 load address 0x00001fdc
                0x20000a58                . = ALIGN (0x8)
 *fill*         0x20000a54        0x4 
                0x20000a58                _sstack = .
                0x20002a58                . = (. + STACK_SIZE)
 *fill*         0x20000a58     0x2000 
                0x20002a58                . = ALIGN (0x8)
                0x20002a58                _estack = .
                0x20002a58                . = ALIGN (0x4)
                0x20002a58                _end = .
OUTPUT(s2c_sensor_module.elf elf32-littlearm)

.ARM.attributes
                0x00000000       0x28
 .ARM.attributes
                0x00000000       0x1e c:/program files (x86)/atmel/studio/7.0/toolchain/arm/arm-gnu-toolchain/bin/../lib/gcc/arm-none-eabi/6.3.1/thumb/v6-m/crti.o
 .ARM.attributes
                0x0000001e       0x2c c:/program files (x86)/atmel/studio/7.0/toolchain/arm/arm-gnu-toolchain/bin/../lib/gcc/arm-none-eabi/6.3.1/thumb/v6-m/crtbegin.o
 .ARM.attributes
                0x0000004a       0x32 src/ASF/sam0/drivers/adc/adc_sam_l_c/adc.o
 .ARM.attributes
                0x0000007c       0x32 src/ASF/sam0/drivers/adc/adc_sam_l_c/adc_callback.o
 .ARM.attributes
                0x000000ae       0x32 src/ASF/sam0/drivers/port/port.o
 .ARM.attributes
                0x000000e0       0x32 src/ASF/sam0/drivers/sercom/sercom_interrupt.o
 .ARM.attributes
                0x00000112       0x32 src/ASF/sam0/drivers/can/can.o
 .ARM.attributes
                0x00000144       0x32 src/ASF/common2/boards/user_board/init.o
 .ARM.attributes
                0x00000176       0x32 src/ASF/common/utils/interrupt/interrupt_sam_nvic.o
 .ARM.attributes
                0x000001a8       0x32 src/ASF/sam0/drivers/system/clock/clock_samc20_c21/clock.o
 .ARM.attributes
                0x000001da       0x32 src/ASF/sam0/drivers/system/clock/clock_samc20_c21/gclk.o
 .ARM.attributes
                0x0000020c       0x32 src/ASF/sam0/drivers/system/pinmux/pinmux.o
 .ARM.attributes
                0x0000023e       0x32 src/ASF/sam0/drivers/system/system.o
 .ARM.attributes
                0x00000270       0x32 src/ASF/sam0/utils/cmsis/samc21/source/gcc/startup_samc21.o
 .ARM.attributes
                0x000002a2       0x32 src/main.o
 .ARM.attributes
                0x000002d4       0x2c c:/program files (x86)/atmel/studio/7.0/toolchain/arm/arm-gnu-toolchain/bin/../lib/gcc/arm-none-eabi/6.3.1/../../../../arm-none-eabi/lib/thumb/v6-m\libc_nano.a(lib_a-init.o)
 .ARM.attributes
                0x00000300       0x1e c:/program files (x86)/atmel/studio/7.0/toolchain/arm/arm-gnu-toolchain/bin/../lib/gcc/arm-none-eabi/6.3.1/thumb/v6-m/crtn.o

.comment        0x00000000       0x59
 .comment       0x00000000       0x59 src/ASF/sam0/drivers/adc/adc_sam_l_c/adc.o
                                 0x5a (size before relaxing)
 .comment       0x00000059       0x5a src/ASF/sam0/drivers/adc/adc_sam_l_c/adc_callback.o
 .comment       0x00000059       0x5a src/ASF/sam0/drivers/port/port.o
 .comment       0x00000059       0x5a src/ASF/sam0/drivers/sercom/sercom_interrupt.o
 .comment       0x00000059       0x5a src/ASF/sam0/drivers/can/can.o
 .comment       0x00000059       0x5a src/ASF/common2/boards/user_board/init.o
 .comment       0x00000059       0x5a src/ASF/common/utils/interrupt/interrupt_sam_nvic.o
 .comment       0x00000059       0x5a src/ASF/sam0/drivers/system/clock/clock_samc20_c21/clock.o
 .comment       0x00000059       0x5a src/ASF/sam0/drivers/system/clock/clock_samc20_c21/gclk.o
 .comment       0x00000059       0x5a src/ASF/sam0/drivers/system/pinmux/pinmux.o
 .comment       0x00000059       0x5a src/ASF/sam0/drivers/system/system.o
 .comment       0x00000059       0x5a src/ASF/sam0/utils/cmsis/samc21/source/gcc/startup_samc21.o
 .comment       0x00000059       0x5a src/main.o

.debug_info     0x00000000    0x20eab
 .debug_info    0x00000000     0x338e src/ASF/sam0/drivers/adc/adc_sam_l_c/adc.o
 .debug_info    0x0000338e     0x1d84 src/ASF/sam0/drivers/adc/adc_sam_l_c/adc_callback.o
 .debug_info    0x00005112     0x1254 src/ASF/sam0/drivers/port/port.o
 .debug_info    0x00006366     0x2c58 src/ASF/sam0/drivers/sercom/sercom_interrupt.o
 .debug_info    0x00008fbe     0x5604 src/ASF/sam0/drivers/can/can.o
 .debug_info    0x0000e5c2     0x1eb7 src/ASF/common2/boards/user_board/init.o
 .debug_info    0x00010479      0xb07 src/ASF/common/utils/interrupt/interrupt_sam_nvic.o
 .debug_info    0x00010f80     0x381a src/ASF/sam0/drivers/system/clock/clock_samc20_c21/clock.o
 .debug_info    0x0001479a     0x1c3d src/ASF/sam0/drivers/system/clock/clock_samc20_c21/gclk.o
 .debug_info    0x000163d7     0x1391 src/ASF/sam0/drivers/system/pinmux/pinmux.o
 .debug_info    0x00017768      0xa73 src/ASF/sam0/drivers/system/system.o
 .debug_info    0x000181db      0x523 src/ASF/sam0/utils/cmsis/samc21/source/gcc/startup_samc21.o
 .debug_info    0x000186fe     0x87ad src/main.o

.debug_abbrev   0x00000000     0x2a1d
 .debug_abbrev  0x00000000      0x4a1 src/ASF/sam0/drivers/adc/adc_sam_l_c/adc.o
 .debug_abbrev  0x000004a1      0x3cc src/ASF/sam0/drivers/adc/adc_sam_l_c/adc_callback.o
 .debug_abbrev  0x0000086d      0x283 src/ASF/sam0/drivers/port/port.o
 .debug_abbrev  0x00000af0      0x2da src/ASF/sam0/drivers/sercom/sercom_interrupt.o
 .debug_abbrev  0x00000dca      0x434 src/ASF/sam0/drivers/can/can.o
 .debug_abbrev  0x000011fe      0x2b0 src/ASF/common2/boards/user_board/init.o
 .debug_abbrev  0x000014ae      0x22c src/ASF/common/utils/interrupt/interrupt_sam_nvic.o
 .debug_abbrev  0x000016da      0x3f1 src/ASF/sam0/drivers/system/clock/clock_samc20_c21/clock.o
 .debug_abbrev  0x00001acb      0x405 src/ASF/sam0/drivers/system/clock/clock_samc20_c21/gclk.o
 .debug_abbrev  0x00001ed0      0x34c src/ASF/sam0/drivers/system/pinmux/pinmux.o
 .debug_abbrev  0x0000221c      0x1e1 src/ASF/sam0/drivers/system/system.o
 .debug_abbrev  0x000023fd      0x14f src/ASF/sam0/utils/cmsis/samc21/source/gcc/startup_samc21.o
 .debug_abbrev  0x0000254c      0x4d1 src/main.o

.debug_loc      0x00000000     0x3495
 .debug_loc     0x00000000      0x9df src/ASF/sam0/drivers/adc/adc_sam_l_c/adc.o
 .debug_loc     0x000009df      0x33e src/ASF/sam0/drivers/adc/adc_sam_l_c/adc_callback.o
 .debug_loc     0x00000d1d      0x13d src/ASF/sam0/drivers/port/port.o
 .debug_loc     0x00000e5a      0x165 src/ASF/sam0/drivers/sercom/sercom_interrupt.o
 .debug_loc     0x00000fbf      0xab2 src/ASF/sam0/drivers/can/can.o
 .debug_loc     0x00001a71       0x4c src/ASF/common2/boards/user_board/init.o
 .debug_loc     0x00001abd      0xd69 src/ASF/sam0/drivers/system/clock/clock_samc20_c21/clock.o
 .debug_loc     0x00002826      0x4dd src/ASF/sam0/drivers/system/clock/clock_samc20_c21/gclk.o
 .debug_loc     0x00002d03      0x36d src/ASF/sam0/drivers/system/pinmux/pinmux.o
 .debug_loc     0x00003070       0x20 src/ASF/sam0/drivers/system/system.o
 .debug_loc     0x00003090       0x40 src/ASF/sam0/utils/cmsis/samc21/source/gcc/startup_samc21.o
 .debug_loc     0x000030d0      0x3c5 src/main.o

.debug_aranges  0x00000000      0x410
 .debug_aranges
                0x00000000       0x38 src/ASF/sam0/drivers/adc/adc_sam_l_c/adc.o
 .debug_aranges
                0x00000038       0x58 src/ASF/sam0/drivers/adc/adc_sam_l_c/adc_callback.o
 .debug_aranges
                0x00000090       0x28 src/ASF/sam0/drivers/port/port.o
 .debug_aranges
                0x000000b8       0x50 src/ASF/sam0/drivers/sercom/sercom_interrupt.o
 .debug_aranges
                0x00000108       0xd0 src/ASF/sam0/drivers/can/can.o
 .debug_aranges
                0x000001d8       0x20 src/ASF/common2/boards/user_board/init.o
 .debug_aranges
                0x000001f8       0x28 src/ASF/common/utils/interrupt/interrupt_sam_nvic.o
 .debug_aranges
                0x00000220       0x78 src/ASF/sam0/drivers/system/clock/clock_samc20_c21/clock.o
 .debug_aranges
                0x00000298       0x80 src/ASF/sam0/drivers/system/clock/clock_samc20_c21/gclk.o
 .debug_aranges
                0x00000318       0x40 src/ASF/sam0/drivers/system/pinmux/pinmux.o
 .debug_aranges
                0x00000358       0x28 src/ASF/sam0/drivers/system/system.o
 .debug_aranges
                0x00000380       0x28 src/ASF/sam0/utils/cmsis/samc21/source/gcc/startup_samc21.o
 .debug_aranges
                0x000003a8       0x68 src/main.o

.debug_ranges   0x00000000      0x438
 .debug_ranges  0x00000000       0xe8 src/ASF/sam0/drivers/adc/adc_sam_l_c/adc.o
 .debug_ranges  0x000000e8       0x48 src/ASF/sam0/drivers/adc/adc_sam_l_c/adc_callback.o
 .debug_ranges  0x00000130       0x18 src/ASF/sam0/drivers/port/port.o
 .debug_ranges  0x00000148       0x40 src/ASF/sam0/drivers/sercom/sercom_interrupt.o
 .debug_ranges  0x00000188       0xe0 src/ASF/sam0/drivers/can/can.o
 .debug_ranges  0x00000268       0x10 src/ASF/common2/boards/user_board/init.o
 .debug_ranges  0x00000278       0x18 src/ASF/common/utils/interrupt/interrupt_sam_nvic.o
 .debug_ranges  0x00000290       0x68 src/ASF/sam0/drivers/system/clock/clock_samc20_c21/clock.o
 .debug_ranges  0x000002f8       0x88 src/ASF/sam0/drivers/system/clock/clock_samc20_c21/gclk.o
 .debug_ranges  0x00000380       0x30 src/ASF/sam0/drivers/system/pinmux/pinmux.o
 .debug_ranges  0x000003b0       0x18 src/ASF/sam0/drivers/system/system.o
 .debug_ranges  0x000003c8       0x18 src/ASF/sam0/utils/cmsis/samc21/source/gcc/startup_samc21.o
 .debug_ranges  0x000003e0       0x58 src/main.o

.debug_macro    0x00000000    0x1c13e
 .debug_macro   0x00000000      0x690 src/ASF/sam0/drivers/adc/adc_sam_l_c/adc.o
 .debug_macro   0x00000690      0x8bc src/ASF/sam0/drivers/adc/adc_sam_l_c/adc.o
 .debug_macro   0x00000f4c      0x16d src/ASF/sam0/drivers/adc/adc_sam_l_c/adc.o
 .debug_macro   0x000010b9      0x6d7 src/ASF/sam0/drivers/adc/adc_sam_l_c/adc.o
 .debug_macro   0x00001790       0x22 src/ASF/sam0/drivers/adc/adc_sam_l_c/adc.o
 .debug_macro   0x000017b2       0x87 src/ASF/sam0/drivers/adc/adc_sam_l_c/adc.o
 .debug_macro   0x00001839       0x51 src/ASF/sam0/drivers/adc/adc_sam_l_c/adc.o
 .debug_macro   0x0000188a       0xef src/ASF/sam0/drivers/adc/adc_sam_l_c/adc.o
 .debug_macro   0x00001979       0x6a src/ASF/sam0/drivers/adc/adc_sam_l_c/adc.o
 .debug_macro   0x000019e3      0x1df src/ASF/sam0/drivers/adc/adc_sam_l_c/adc.o
 .debug_macro   0x00001bc2       0x10 src/ASF/sam0/drivers/adc/adc_sam_l_c/adc.o
 .debug_macro   0x00001bd2       0x76 src/ASF/sam0/drivers/adc/adc_sam_l_c/adc.o
 .debug_macro   0x00001c48       0x16 src/ASF/sam0/drivers/adc/adc_sam_l_c/adc.o
 .debug_macro   0x00001c5e      0x6db src/ASF/sam0/drivers/adc/adc_sam_l_c/adc.o
 .debug_macro   0x00002339      0xdd8 src/ASF/sam0/drivers/adc/adc_sam_l_c/adc.o
 .debug_macro   0x00003111       0x22 src/ASF/sam0/drivers/adc/adc_sam_l_c/adc.o
 .debug_macro   0x00003133       0x40 src/ASF/sam0/drivers/adc/adc_sam_l_c/adc.o
 .debug_macro   0x00003173       0x3a src/ASF/sam0/drivers/adc/adc_sam_l_c/adc.o
 .debug_macro   0x000031ad       0x1f src/ASF/sam0/drivers/adc/adc_sam_l_c/adc.o
 .debug_macro   0x000031cc      0x376 src/ASF/sam0/drivers/adc/adc_sam_l_c/adc.o
 .debug_macro   0x00003542      0x897 src/ASF/sam0/drivers/adc/adc_sam_l_c/adc.o
 .debug_macro   0x00003dd9      0x8c4 src/ASF/sam0/drivers/adc/adc_sam_l_c/adc.o
 .debug_macro   0x0000469d     0x2d61 src/ASF/sam0/drivers/adc/adc_sam_l_c/adc.o
 .debug_macro   0x000073fe      0x222 src/ASF/sam0/drivers/adc/adc_sam_l_c/adc.o
 .debug_macro   0x00007620      0x286 src/ASF/sam0/drivers/adc/adc_sam_l_c/adc.o
 .debug_macro   0x000078a6      0x137 src/ASF/sam0/drivers/adc/adc_sam_l_c/adc.o
 .debug_macro   0x000079dd      0xc3a src/ASF/sam0/drivers/adc/adc_sam_l_c/adc.o
 .debug_macro   0x00008617      0x5f0 src/ASF/sam0/drivers/adc/adc_sam_l_c/adc.o
 .debug_macro   0x00008c07      0x5be src/ASF/sam0/drivers/adc/adc_sam_l_c/adc.o
 .debug_macro   0x000091c5      0x828 src/ASF/sam0/drivers/adc/adc_sam_l_c/adc.o
 .debug_macro   0x000099ed      0x172 src/ASF/sam0/drivers/adc/adc_sam_l_c/adc.o
 .debug_macro   0x00009b5f      0x286 src/ASF/sam0/drivers/adc/adc_sam_l_c/adc.o
 .debug_macro   0x00009de5      0x55f src/ASF/sam0/drivers/adc/adc_sam_l_c/adc.o
 .debug_macro   0x0000a344      0x433 src/ASF/sam0/drivers/adc/adc_sam_l_c/adc.o
 .debug_macro   0x0000a777      0x21c src/ASF/sam0/drivers/adc/adc_sam_l_c/adc.o
 .debug_macro   0x0000a993      0x7a2 src/ASF/sam0/drivers/adc/adc_sam_l_c/adc.o
 .debug_macro   0x0000b135      0x557 src/ASF/sam0/drivers/adc/adc_sam_l_c/adc.o
 .debug_macro   0x0000b68c      0x335 src/ASF/sam0/drivers/adc/adc_sam_l_c/adc.o
 .debug_macro   0x0000b9c1      0x6ab src/ASF/sam0/drivers/adc/adc_sam_l_c/adc.o
 .debug_macro   0x0000c06c       0xc4 src/ASF/sam0/drivers/adc/adc_sam_l_c/adc.o
 .debug_macro   0x0000c130      0x349 src/ASF/sam0/drivers/adc/adc_sam_l_c/adc.o
 .debug_macro   0x0000c479       0x6a src/ASF/sam0/drivers/adc/adc_sam_l_c/adc.o
 .debug_macro   0x0000c4e3     0x1216 src/ASF/sam0/drivers/adc/adc_sam_l_c/adc.o
 .debug_macro   0x0000d6f9      0x5a9 src/ASF/sam0/drivers/adc/adc_sam_l_c/adc.o
 .debug_macro   0x0000dca2      0xfc5 src/ASF/sam0/drivers/adc/adc_sam_l_c/adc.o
 .debug_macro   0x0000ec67      0x5a1 src/ASF/sam0/drivers/adc/adc_sam_l_c/adc.o
 .debug_macro   0x0000f208      0x3c4 src/ASF/sam0/drivers/adc/adc_sam_l_c/adc.o
 .debug_macro   0x0000f5cc      0x8b2 src/ASF/sam0/drivers/adc/adc_sam_l_c/adc.o
 .debug_macro   0x0000fe7e     0x19c2 src/ASF/sam0/drivers/adc/adc_sam_l_c/adc.o
 .debug_macro   0x00011840      0x39c src/ASF/sam0/drivers/adc/adc_sam_l_c/adc.o
 .debug_macro   0x00011bdc      0x36e src/ASF/sam0/drivers/adc/adc_sam_l_c/adc.o
 .debug_macro   0x00011f4a       0x94 src/ASF/sam0/drivers/adc/adc_sam_l_c/adc.o
 .debug_macro   0x00011fde       0xac src/ASF/sam0/drivers/adc/adc_sam_l_c/adc.o
 .debug_macro   0x0001208a       0xac src/ASF/sam0/drivers/adc/adc_sam_l_c/adc.o
 .debug_macro   0x00012136      0x14d src/ASF/sam0/drivers/adc/adc_sam_l_c/adc.o
 .debug_macro   0x00012283      0x14d src/ASF/sam0/drivers/adc/adc_sam_l_c/adc.o
 .debug_macro   0x000123d0       0x4c src/ASF/sam0/drivers/adc/adc_sam_l_c/adc.o
 .debug_macro   0x0001241c       0x58 src/ASF/sam0/drivers/adc/adc_sam_l_c/adc.o
 .debug_macro   0x00012474       0x3a src/ASF/sam0/drivers/adc/adc_sam_l_c/adc.o
 .debug_macro   0x000124ae       0xd0 src/ASF/sam0/drivers/adc/adc_sam_l_c/adc.o
 .debug_macro   0x0001257e       0xb8 src/ASF/sam0/drivers/adc/adc_sam_l_c/adc.o
 .debug_macro   0x00012636       0x64 src/ASF/sam0/drivers/adc/adc_sam_l_c/adc.o
 .debug_macro   0x0001269a      0x5fe src/ASF/sam0/drivers/adc/adc_sam_l_c/adc.o
 .debug_macro   0x00012c98       0x46 src/ASF/sam0/drivers/adc/adc_sam_l_c/adc.o
 .debug_macro   0x00012cde      0x1c2 src/ASF/sam0/drivers/adc/adc_sam_l_c/adc.o
 .debug_macro   0x00012ea0      0x188 src/ASF/sam0/drivers/adc/adc_sam_l_c/adc.o
 .debug_macro   0x00013028       0x52 src/ASF/sam0/drivers/adc/adc_sam_l_c/adc.o
 .debug_macro   0x0001307a       0xa0 src/ASF/sam0/drivers/adc/adc_sam_l_c/adc.o
 .debug_macro   0x0001311a       0xdc src/ASF/sam0/drivers/adc/adc_sam_l_c/adc.o
 .debug_macro   0x000131f6       0x8e src/ASF/sam0/drivers/adc/adc_sam_l_c/adc.o
 .debug_macro   0x00013284       0x4c src/ASF/sam0/drivers/adc/adc_sam_l_c/adc.o
 .debug_macro   0x000132d0       0x64 src/ASF/sam0/drivers/adc/adc_sam_l_c/adc.o
 .debug_macro   0x00013334       0x22 src/ASF/sam0/drivers/adc/adc_sam_l_c/adc.o
 .debug_macro   0x00013356      0x16e src/ASF/sam0/drivers/adc/adc_sam_l_c/adc.o
 .debug_macro   0x000134c4       0x16 src/ASF/sam0/drivers/adc/adc_sam_l_c/adc.o
 .debug_macro   0x000134da       0xd6 src/ASF/sam0/drivers/adc/adc_sam_l_c/adc.o
 .debug_macro   0x000135b0       0xa0 src/ASF/sam0/drivers/adc/adc_sam_l_c/adc.o
 .debug_macro   0x00013650      0x136 src/ASF/sam0/drivers/adc/adc_sam_l_c/adc.o
 .debug_macro   0x00013786      0x136 src/ASF/sam0/drivers/adc/adc_sam_l_c/adc.o
 .debug_macro   0x000138bc      0x136 src/ASF/sam0/drivers/adc/adc_sam_l_c/adc.o
 .debug_macro   0x000139f2      0x136 src/ASF/sam0/drivers/adc/adc_sam_l_c/adc.o
 .debug_macro   0x00013b28       0x4c src/ASF/sam0/drivers/adc/adc_sam_l_c/adc.o
 .debug_macro   0x00013b74      0x16c src/ASF/sam0/drivers/adc/adc_sam_l_c/adc.o
 .debug_macro   0x00013ce0       0xfa src/ASF/sam0/drivers/adc/adc_sam_l_c/adc.o
 .debug_macro   0x00013dda       0xfa src/ASF/sam0/drivers/adc/adc_sam_l_c/adc.o
 .debug_macro   0x00013ed4       0xfa src/ASF/sam0/drivers/adc/adc_sam_l_c/adc.o
 .debug_macro   0x00013fce       0xfa src/ASF/sam0/drivers/adc/adc_sam_l_c/adc.o
 .debug_macro   0x000140c8       0xfa src/ASF/sam0/drivers/adc/adc_sam_l_c/adc.o
 .debug_macro   0x000141c2      0x124 src/ASF/sam0/drivers/adc/adc_sam_l_c/adc.o
 .debug_macro   0x000142e6       0xfa src/ASF/sam0/drivers/adc/adc_sam_l_c/adc.o
 .debug_macro   0x000143e0       0xee src/ASF/sam0/drivers/adc/adc_sam_l_c/adc.o
 .debug_macro   0x000144ce       0x76 src/ASF/sam0/drivers/adc/adc_sam_l_c/adc.o
 .debug_macro   0x00014544       0x3a src/ASF/sam0/drivers/adc/adc_sam_l_c/adc.o
 .debug_macro   0x0001457e      0x46b src/ASF/sam0/drivers/adc/adc_sam_l_c/adc.o
 .debug_macro   0x000149e9     0x1424 src/ASF/sam0/drivers/adc/adc_sam_l_c/adc.o
 .debug_macro   0x00015e0d       0x82 src/ASF/sam0/drivers/adc/adc_sam_l_c/adc.o
 .debug_macro   0x00015e8f       0x58 src/ASF/sam0/drivers/adc/adc_sam_l_c/adc.o
 .debug_macro   0x00015ee7       0x35 src/ASF/sam0/drivers/adc/adc_sam_l_c/adc.o
 .debug_macro   0x00015f1c       0x9c src/ASF/sam0/drivers/adc/adc_sam_l_c/adc.o
 .debug_macro   0x00015fb8       0x16 src/ASF/sam0/drivers/adc/adc_sam_l_c/adc.o
 .debug_macro   0x00015fce       0x35 src/ASF/sam0/drivers/adc/adc_sam_l_c/adc.o
 .debug_macro   0x00016003      0x353 src/ASF/sam0/drivers/adc/adc_sam_l_c/adc.o
 .debug_macro   0x00016356       0x10 src/ASF/sam0/drivers/adc/adc_sam_l_c/adc.o
 .debug_macro   0x00016366       0x58 src/ASF/sam0/drivers/adc/adc_sam_l_c/adc.o
 .debug_macro   0x000163be       0x1f src/ASF/sam0/drivers/adc/adc_sam_l_c/adc.o
 .debug_macro   0x000163dd       0x43 src/ASF/sam0/drivers/adc/adc_sam_l_c/adc.o
 .debug_macro   0x00016420       0x20 src/ASF/sam0/drivers/adc/adc_sam_l_c/adc.o
 .debug_macro   0x00016440      0x187 src/ASF/sam0/drivers/adc/adc_sam_l_c/adc.o
 .debug_macro   0x000165c7       0x10 src/ASF/sam0/drivers/adc/adc_sam_l_c/adc.o
 .debug_macro   0x000165d7       0x1c src/ASF/sam0/drivers/adc/adc_sam_l_c/adc.o
 .debug_macro   0x000165f3       0x52 src/ASF/sam0/drivers/adc/adc_sam_l_c/adc.o
 .debug_macro   0x00016645       0x40 src/ASF/sam0/drivers/adc/adc_sam_l_c/adc.o
 .debug_macro   0x00016685       0x10 src/ASF/sam0/drivers/adc/adc_sam_l_c/adc.o
 .debug_macro   0x00016695       0x40 src/ASF/sam0/drivers/adc/adc_sam_l_c/adc.o
 .debug_macro   0x000166d5       0xd7 src/ASF/sam0/drivers/adc/adc_sam_l_c/adc.o
 .debug_macro   0x000167ac       0x16 src/ASF/sam0/drivers/adc/adc_sam_l_c/adc.o
 .debug_macro   0x000167c2      0x18b src/ASF/sam0/drivers/adc/adc_sam_l_c/adc.o
 .debug_macro   0x0001694d       0x16 src/ASF/sam0/drivers/adc/adc_sam_l_c/adc.o
 .debug_macro   0x00016963       0x16 src/ASF/sam0/drivers/adc/adc_sam_l_c/adc.o
 .debug_macro   0x00016979       0x29 src/ASF/sam0/drivers/adc/adc_sam_l_c/adc.o
 .debug_macro   0x000169a2       0x51 src/ASF/sam0/drivers/adc/adc_sam_l_c/adc.o
 .debug_macro   0x000169f3       0x3e src/ASF/sam0/drivers/adc/adc_sam_l_c/adc.o
 .debug_macro   0x00016a31      0x3df src/ASF/sam0/drivers/adc/adc_sam_l_c/adc.o
 .debug_macro   0x00016e10       0x18 src/ASF/sam0/drivers/adc/adc_sam_l_c/adc.o
 .debug_macro   0x00016e28       0x10 src/ASF/sam0/drivers/adc/adc_sam_l_c/adc.o
 .debug_macro   0x00016e38       0x2e src/ASF/sam0/drivers/adc/adc_sam_l_c/adc.o
 .debug_macro   0x00016e66       0x20 src/ASF/sam0/drivers/adc/adc_sam_l_c/adc.o
 .debug_macro   0x00016e86      0x646 src/ASF/sam0/drivers/adc/adc_sam_l_c/adc_callback.o
 .debug_macro   0x000174cc      0x5cd src/ASF/sam0/drivers/port/port.o
 .debug_macro   0x00017a99       0x12 src/ASF/sam0/drivers/port/port.o
 .debug_macro   0x00017aab      0x649 src/ASF/sam0/drivers/sercom/sercom_interrupt.o
 .debug_macro   0x000180f4      0x63b src/ASF/sam0/drivers/can/can.o
 .debug_macro   0x0001872f       0xa0 src/ASF/sam0/drivers/can/can.o
 .debug_macro   0x000187cf      0x36c src/ASF/sam0/drivers/can/can.o
 .debug_macro   0x00018b3b       0x16 src/ASF/sam0/drivers/can/can.o
 .debug_macro   0x00018b51      0x707 src/ASF/common2/boards/user_board/init.o
 .debug_macro   0x00019258       0x10 src/ASF/common2/boards/user_board/init.o
 .debug_macro   0x00019268       0x7c src/ASF/common2/boards/user_board/init.o
 .debug_macro   0x000192e4       0x1c src/ASF/common2/boards/user_board/init.o
 .debug_macro   0x00019300      0x2c3 src/ASF/common2/boards/user_board/init.o
 .debug_macro   0x000195c3       0x18 src/ASF/common2/boards/user_board/init.o
 .debug_macro   0x000195db       0x2d src/ASF/common2/boards/user_board/init.o
 .debug_macro   0x00019608      0x5b2 src/ASF/common/utils/interrupt/interrupt_sam_nvic.o
 .debug_macro   0x00019bba      0x621 src/ASF/sam0/drivers/system/clock/clock_samc20_c21/clock.o
 .debug_macro   0x0001a1db      0x25f src/ASF/sam0/drivers/system/clock/clock_samc20_c21/clock.o
 .debug_macro   0x0001a43a      0x5ed src/ASF/sam0/drivers/system/clock/clock_samc20_c21/gclk.o
 .debug_macro   0x0001aa27      0x5c2 src/ASF/sam0/drivers/system/pinmux/pinmux.o
 .debug_macro   0x0001afe9       0x12 src/ASF/sam0/drivers/system/pinmux/pinmux.o
 .debug_macro   0x0001affb      0x5fd src/ASF/sam0/drivers/system/system.o
 .debug_macro   0x0001b5f8      0x399 src/ASF/sam0/utils/cmsis/samc21/source/gcc/startup_samc21.o
 .debug_macro   0x0001b991       0x3a src/ASF/sam0/utils/cmsis/samc21/source/gcc/startup_samc21.o
 .debug_macro   0x0001b9cb      0x70f src/main.o
 .debug_macro   0x0001c0da       0x64 src/main.o

.debug_line     0x00000000     0x9a28
 .debug_line    0x00000000      0xe30 src/ASF/sam0/drivers/adc/adc_sam_l_c/adc.o
 .debug_line    0x00000e30      0xcc0 src/ASF/sam0/drivers/adc/adc_sam_l_c/adc_callback.o
 .debug_line    0x00001af0      0x9b2 src/ASF/sam0/drivers/port/port.o
 .debug_line    0x000024a2      0xbf9 src/ASF/sam0/drivers/sercom/sercom_interrupt.o
 .debug_line    0x0000309b      0xdb9 src/ASF/sam0/drivers/can/can.o
 .debug_line    0x00003e54      0xda1 src/ASF/common2/boards/user_board/init.o
 .debug_line    0x00004bf5      0x985 src/ASF/common/utils/interrupt/interrupt_sam_nvic.o
 .debug_line    0x0000557a      0xcaf src/ASF/sam0/drivers/system/clock/clock_samc20_c21/clock.o
 .debug_line    0x00006229      0xcc1 src/ASF/sam0/drivers/system/clock/clock_samc20_c21/gclk.o
 .debug_line    0x00006eea      0x9ff src/ASF/sam0/drivers/system/pinmux/pinmux.o
 .debug_line    0x000078e9      0xa9a src/ASF/sam0/drivers/system/system.o
 .debug_line    0x00008383      0x6fd src/ASF/sam0/utils/cmsis/samc21/source/gcc/startup_samc21.o
 .debug_line    0x00008a80      0xfa8 src/main.o

.debug_str      0x00000000    0x99499
 .debug_str     0x00000000    0x8f952 src/ASF/sam0/drivers/adc/adc_sam_l_c/adc.o
                              0x9066f (size before relaxing)
 .debug_str     0x0008f952      0x1f9 src/ASF/sam0/drivers/adc/adc_sam_l_c/adc_callback.o
                              0x8f3c9 (size before relaxing)
 .debug_str     0x0008fb4b      0x314 src/ASF/sam0/drivers/port/port.o
                              0x8e9d2 (size before relaxing)
 .debug_str     0x0008fe5f      0xf72 src/ASF/sam0/drivers/sercom/sercom_interrupt.o
                              0x8f999 (size before relaxing)
 .debug_str     0x00090dd1     0x3ab5 src/ASF/sam0/drivers/can/can.o
                              0x926f1 (size before relaxing)
 .debug_str     0x00094886      0xd6d src/ASF/common2/boards/user_board/init.o
                              0x9291f (size before relaxing)
 .debug_str     0x000955f3       0x94 src/ASF/common/utils/interrupt/interrupt_sam_nvic.o
                              0x8e543 (size before relaxing)
 .debug_str     0x00095687     0x28a1 src/ASF/sam0/drivers/system/clock/clock_samc20_c21/clock.o
                              0x91776 (size before relaxing)
 .debug_str     0x00097f28      0x1fb src/ASF/sam0/drivers/system/clock/clock_samc20_c21/gclk.o
                              0x8f0fc (size before relaxing)
 .debug_str     0x00098123      0x1bc src/ASF/sam0/drivers/system/pinmux/pinmux.o
                              0x8ea43 (size before relaxing)
 .debug_str     0x000982df       0x47 src/ASF/sam0/drivers/system/system.o
                              0x8e5d3 (size before relaxing)
 .debug_str     0x00098326      0x3ef src/ASF/sam0/utils/cmsis/samc21/source/gcc/startup_samc21.o
                              0x78c47 (size before relaxing)
 .debug_str     0x00098715      0xd84 src/main.o
                              0x95d7a (size before relaxing)

.debug_frame    0x00000000      0x938
 .debug_frame   0x00000000       0x80 src/ASF/sam0/drivers/adc/adc_sam_l_c/adc.o
 .debug_frame   0x00000080       0xb4 src/ASF/sam0/drivers/adc/adc_sam_l_c/adc_callback.o
 .debug_frame   0x00000134       0x44 src/ASF/sam0/drivers/port/port.o
 .debug_frame   0x00000178       0xb8 src/ASF/sam0/drivers/sercom/sercom_interrupt.o
 .debug_frame   0x00000230      0x1f0 src/ASF/sam0/drivers/can/can.o
 .debug_frame   0x00000420       0x30 src/ASF/common2/boards/user_board/init.o
 .debug_frame   0x00000450       0x30 src/ASF/common/utils/interrupt/interrupt_sam_nvic.o
 .debug_frame   0x00000480      0x140 src/ASF/sam0/drivers/system/clock/clock_samc20_c21/clock.o
 .debug_frame   0x000005c0      0x150 src/ASF/sam0/drivers/system/clock/clock_samc20_c21/gclk.o
 .debug_frame   0x00000710       0x98 src/ASF/sam0/drivers/system/pinmux/pinmux.o
 .debug_frame   0x000007a8       0x38 src/ASF/sam0/drivers/system/system.o
 .debug_frame   0x000007e0       0x38 src/ASF/sam0/utils/cmsis/samc21/source/gcc/startup_samc21.o
 .debug_frame   0x00000818       0xf4 src/main.o
 .debug_frame   0x0000090c       0x2c c:/program files (x86)/atmel/studio/7.0/toolchain/arm/arm-gnu-toolchain/bin/../lib/gcc/arm-none-eabi/6.3.1/../../../../arm-none-eabi/lib/thumb/v6-m\libc_nano.a(lib_a-init.o)

Cross Reference Table

Symbol                                            File
AC_Handler                                        src/ASF/sam0/utils/cmsis/samc21/source/gcc/startup_samc21.o
ADC0_Handler                                      src/ASF/sam0/drivers/adc/adc_sam_l_c/adc_callback.o
ADC1_Handler                                      src/ASF/sam0/drivers/adc/adc_sam_l_c/adc_callback.o
CAN0_Handler                                      src/ASF/sam0/utils/cmsis/samc21/source/gcc/startup_samc21.o
CAN1_Handler                                      src/ASF/sam0/utils/cmsis/samc21/source/gcc/startup_samc21.o
DAC_Handler                                       src/ASF/sam0/utils/cmsis/samc21/source/gcc/startup_samc21.o
DMAC_Handler                                      src/ASF/sam0/utils/cmsis/samc21/source/gcc/startup_samc21.o
Dummy_Handler                                     src/ASF/sam0/utils/cmsis/samc21/source/gcc/startup_samc21.o
EIC_Handler                                       src/ASF/sam0/utils/cmsis/samc21/source/gcc/startup_samc21.o
EVSYS_Handler                                     src/ASF/sam0/utils/cmsis/samc21/source/gcc/startup_samc21.o
FREQM_Handler                                     src/ASF/sam0/utils/cmsis/samc21/source/gcc/startup_samc21.o
HardFault_Handler                                 src/ASF/sam0/utils/cmsis/samc21/source/gcc/startup_samc21.o
NMI_Handler                                       src/ASF/sam0/utils/cmsis/samc21/source/gcc/startup_samc21.o
NVMCTRL_Handler                                   src/ASF/sam0/utils/cmsis/samc21/source/gcc/startup_samc21.o
PTC_Handler                                       src/ASF/sam0/utils/cmsis/samc21/source/gcc/startup_samc21.o
PendSV_Handler                                    src/ASF/sam0/utils/cmsis/samc21/source/gcc/startup_samc21.o
RTC_Handler                                       src/ASF/sam0/utils/cmsis/samc21/source/gcc/startup_samc21.o
Reset_Handler                                     src/ASF/sam0/utils/cmsis/samc21/source/gcc/startup_samc21.o
SDADC_Handler                                     src/ASF/sam0/utils/cmsis/samc21/source/gcc/startup_samc21.o
SERCOM0_Handler                                   src/ASF/sam0/drivers/sercom/sercom_interrupt.o
SERCOM1_Handler                                   src/ASF/sam0/drivers/sercom/sercom_interrupt.o
SERCOM2_Handler                                   src/ASF/sam0/drivers/sercom/sercom_interrupt.o
SERCOM3_Handler                                   src/ASF/sam0/drivers/sercom/sercom_interrupt.o
SVC_Handler                                       src/ASF/sam0/utils/cmsis/samc21/source/gcc/startup_samc21.o
SYSTEM_Handler                                    src/ASF/sam0/utils/cmsis/samc21/source/gcc/startup_samc21.o
SysTick_Handler                                   src/ASF/sam0/utils/cmsis/samc21/source/gcc/startup_samc21.o
SystemCoreClock                                   src/ASF/sam0/utils/cmsis/samc21/source/system_samc21.o
SystemCoreClockUpdate                             src/ASF/sam0/utils/cmsis/samc21/source/system_samc21.o
SystemInit                                        src/ASF/sam0/utils/cmsis/samc21/source/system_samc21.o
TC0_Handler                                       src/ASF/sam0/utils/cmsis/samc21/source/gcc/startup_samc21.o
TC1_Handler                                       src/ASF/sam0/utils/cmsis/samc21/source/gcc/startup_samc21.o
TC2_Handler                                       src/ASF/sam0/utils/cmsis/samc21/source/gcc/startup_samc21.o
TC3_Handler                                       src/ASF/sam0/utils/cmsis/samc21/source/gcc/startup_samc21.o
TC4_Handler                                       src/ASF/sam0/utils/cmsis/samc21/source/gcc/startup_samc21.o
TCC0_Handler                                      src/ASF/sam0/utils/cmsis/samc21/source/gcc/startup_samc21.o
TCC1_Handler                                      src/ASF/sam0/utils/cmsis/samc21/source/gcc/startup_samc21.o
TCC2_Handler                                      src/ASF/sam0/utils/cmsis/samc21/source/gcc/startup_samc21.o
TSENS_Handler                                     src/ASF/sam0/utils/cmsis/samc21/source/gcc/startup_samc21.o
WDT_Handler                                       src/ASF/sam0/utils/cmsis/samc21/source/gcc/startup_samc21.o
_Jv_RegisterClasses                               c:/program files (x86)/atmel/studio/7.0/toolchain/arm/arm-gnu-toolchain/bin/../lib/gcc/arm-none-eabi/6.3.1/thumb/v6-m/crtbegin.o
__aeabi_d2iz                                      c:/program files (x86)/atmel/studio/7.0/toolchain/arm/arm-gnu-toolchain/bin/../lib/gcc/arm-none-eabi/6.3.1/thumb/v6-m\libgcc.a(fixdfsi.o)
                                                  src/ASF/sam0/drivers/sercom/i2c/i2c_sam0/i2c_master.o
__aeabi_dadd                                      c:/program files (x86)/atmel/studio/7.0/toolchain/arm/arm-gnu-toolchain/bin/../lib/gcc/arm-none-eabi/6.3.1/thumb/v6-m\libgcc.a(adddf3.o)
                                                  src/ASF/sam0/drivers/sercom/i2c/i2c_sam0/i2c_master.o
__aeabi_ddiv                                      c:/program files (x86)/atmel/studio/7.0/toolchain/arm/arm-gnu-toolchain/bin/../lib/gcc/arm-none-eabi/6.3.1/thumb/v6-m\libgcc.a(divdf3.o)
                                                  src/ASF/sam0/drivers/sercom/i2c/i2c_sam0/i2c_master.o
__aeabi_dmul                                      c:/program files (x86)/atmel/studio/7.0/toolchain/arm/arm-gnu-toolchain/bin/../lib/gcc/arm-none-eabi/6.3.1/thumb/v6-m\libgcc.a(muldf3.o)
                                                  src/ASF/sam0/drivers/sercom/i2c/i2c_sam0/i2c_master.o
__aeabi_dsub                                      c:/program files (x86)/atmel/studio/7.0/toolchain/arm/arm-gnu-toolchain/bin/../lib/gcc/arm-none-eabi/6.3.1/thumb/v6-m\libgcc.a(subdf3.o)
                                                  src/ASF/sam0/drivers/sercom/i2c/i2c_sam0/i2c_master.o
__aeabi_idiv0                                     c:/program files (x86)/atmel/studio/7.0/toolchain/arm/arm-gnu-toolchain/bin/../lib/gcc/arm-none-eabi/6.3.1/thumb/v6-m\libgcc.a(_dvmd_tls.o)
                                                  c:/program files (x86)/atmel/studio/7.0/toolchain/arm/arm-gnu-toolchain/bin/../lib/gcc/arm-none-eabi/6.3.1/thumb/v6-m\libgcc.a(_udivsi3.o)
__aeabi_ldiv0                                     c:/program files (x86)/atmel/studio/7.0/toolchain/arm/arm-gnu-toolchain/bin/../lib/gcc/arm-none-eabi/6.3.1/thumb/v6-m\libgcc.a(_dvmd_tls.o)
__aeabi_lmul                                      c:/program files (x86)/atmel/studio/7.0/toolchain/arm/arm-gnu-toolchain/bin/../lib/gcc/arm-none-eabi/6.3.1/thumb/v6-m\libgcc.a(_muldi3.o)
                                                  src/ASF/sam0/drivers/sercom/sercom.o
__aeabi_ui2d                                      c:/program files (x86)/atmel/studio/7.0/toolchain/arm/arm-gnu-toolchain/bin/../lib/gcc/arm-none-eabi/6.3.1/thumb/v6-m\libgcc.a(floatunsidf.o)
                                                  src/ASF/sam0/drivers/sercom/i2c/i2c_sam0/i2c_master.o
__aeabi_uidiv                                     c:/program files (x86)/atmel/studio/7.0/toolchain/arm/arm-gnu-toolchain/bin/../lib/gcc/arm-none-eabi/6.3.1/thumb/v6-m\libgcc.a(_udivsi3.o)
                                                  c:/program files (x86)/atmel/studio/7.0/toolchain/arm/arm-gnu-toolchain/bin/../lib/gcc/arm-none-eabi/6.3.1/thumb/v6-m\libgcc.a(divdf3.o)
                                                  src/ASF/sam0/drivers/system/clock/clock_samc20_c21/gclk.o
                                                  src/ASF/sam0/drivers/system/clock/clock_samc20_c21/clock.o
                                                  src/ASF/sam0/drivers/can/can.o
                                                  src/ASF/common2/services/delay/sam0/systick_counter.o
                                                  src/ASF/sam0/drivers/sercom/i2c/i2c_sam0/i2c_master.o
__aeabi_uidivmod                                  c:/program files (x86)/atmel/studio/7.0/toolchain/arm/arm-gnu-toolchain/bin/../lib/gcc/arm-none-eabi/6.3.1/thumb/v6-m\libgcc.a(_udivsi3.o)
                                                  c:/program files (x86)/atmel/studio/7.0/toolchain/arm/arm-gnu-toolchain/bin/../lib/gcc/arm-none-eabi/6.3.1/thumb/v6-m\libgcc.a(divdf3.o)
__bss_end__                                       c:/program files (x86)/atmel/studio/7.0/toolchain/arm/arm-gnu-toolchain/bin/../lib/gcc/arm-none-eabi/6.3.1/../../../../arm-none-eabi/lib/thumb/v6-m/crt0.o
__bss_start__                                     c:/program files (x86)/atmel/studio/7.0/toolchain/arm/arm-gnu-toolchain/bin/../lib/gcc/arm-none-eabi/6.3.1/../../../../arm-none-eabi/lib/thumb/v6-m/crt0.o
__call_exitprocs                                  c:/program files (x86)/atmel/studio/7.0/toolchain/arm/arm-gnu-toolchain/bin/../lib/gcc/arm-none-eabi/6.3.1/../../../../arm-none-eabi/lib/thumb/v6-m\libc_nano.a(lib_a-exit.o)
__clzsi2                                          c:/program files (x86)/atmel/studio/7.0/toolchain/arm/arm-gnu-toolchain/bin/../lib/gcc/arm-none-eabi/6.3.1/thumb/v6-m\libgcc.a(_clzsi2.o)
                                                  c:/program files (x86)/atmel/studio/7.0/toolchain/arm/arm-gnu-toolchain/bin/../lib/gcc/arm-none-eabi/6.3.1/thumb/v6-m\libgcc.a(floatunsidf.o)
                                                  c:/program files (x86)/atmel/studio/7.0/toolchain/arm/arm-gnu-toolchain/bin/../lib/gcc/arm-none-eabi/6.3.1/thumb/v6-m\libgcc.a(subdf3.o)
                                                  c:/program files (x86)/atmel/studio/7.0/toolchain/arm/arm-gnu-toolchain/bin/../lib/gcc/arm-none-eabi/6.3.1/thumb/v6-m\libgcc.a(muldf3.o)
                                                  c:/program files (x86)/atmel/studio/7.0/toolchain/arm/arm-gnu-toolchain/bin/../lib/gcc/arm-none-eabi/6.3.1/thumb/v6-m\libgcc.a(divdf3.o)
                                                  c:/program files (x86)/atmel/studio/7.0/toolchain/arm/arm-gnu-toolchain/bin/../lib/gcc/arm-none-eabi/6.3.1/thumb/v6-m\libgcc.a(adddf3.o)
__deregister_frame_info                           c:/program files (x86)/atmel/studio/7.0/toolchain/arm/arm-gnu-toolchain/bin/../lib/gcc/arm-none-eabi/6.3.1/thumb/v6-m/crtbegin.o
__dso_handle                                      c:/program files (x86)/atmel/studio/7.0/toolchain/arm/arm-gnu-toolchain/bin/../lib/gcc/arm-none-eabi/6.3.1/thumb/v6-m/crtbegin.o
__init_array_end                                  c:/program files (x86)/atmel/studio/7.0/toolchain/arm/arm-gnu-toolchain/bin/../lib/gcc/arm-none-eabi/6.3.1/../../../../arm-none-eabi/lib/thumb/v6-m\libc_nano.a(lib_a-init.o)
__init_array_start                                c:/program files (x86)/atmel/studio/7.0/toolchain/arm/arm-gnu-toolchain/bin/../lib/gcc/arm-none-eabi/6.3.1/../../../../arm-none-eabi/lib/thumb/v6-m\libc_nano.a(lib_a-init.o)
__libc_fini_array                                 c:/program files (x86)/atmel/studio/7.0/toolchain/arm/arm-gnu-toolchain/bin/../lib/gcc/arm-none-eabi/6.3.1/../../../../arm-none-eabi/lib/thumb/v6-m/crt0.o
__libc_init_array                                 c:/program files (x86)/atmel/studio/7.0/toolchain/arm/arm-gnu-toolchain/bin/../lib/gcc/arm-none-eabi/6.3.1/../../../../arm-none-eabi/lib/thumb/v6-m\libc_nano.a(lib_a-init.o)
                                                  src/ASF/sam0/utils/cmsis/samc21/source/gcc/startup_samc21.o
                                                  c:/program files (x86)/atmel/studio/7.0/toolchain/arm/arm-gnu-toolchain/bin/../lib/gcc/arm-none-eabi/6.3.1/../../../../arm-none-eabi/lib/thumb/v6-m/crt0.o
__muldi3                                          c:/program files (x86)/atmel/studio/7.0/toolchain/arm/arm-gnu-toolchain/bin/../lib/gcc/arm-none-eabi/6.3.1/thumb/v6-m\libgcc.a(_muldi3.o)
__preinit_array_end                               c:/program files (x86)/atmel/studio/7.0/toolchain/arm/arm-gnu-toolchain/bin/../lib/gcc/arm-none-eabi/6.3.1/../../../../arm-none-eabi/lib/thumb/v6-m\libc_nano.a(lib_a-init.o)
__preinit_array_start                             c:/program files (x86)/atmel/studio/7.0/toolchain/arm/arm-gnu-toolchain/bin/../lib/gcc/arm-none-eabi/6.3.1/../../../../arm-none-eabi/lib/thumb/v6-m\libc_nano.a(lib_a-init.o)
__register_frame_info                             c:/program files (x86)/atmel/studio/7.0/toolchain/arm/arm-gnu-toolchain/bin/../lib/gcc/arm-none-eabi/6.3.1/thumb/v6-m/crtbegin.o
__sf_fake_stderr                                  c:/program files (x86)/atmel/studio/7.0/toolchain/arm/arm-gnu-toolchain/bin/../lib/gcc/arm-none-eabi/6.3.1/../../../../arm-none-eabi/lib/thumb/v6-m\libc_nano.a(lib_a-impure.o)
__sf_fake_stdin                                   c:/program files (x86)/atmel/studio/7.0/toolchain/arm/arm-gnu-toolchain/bin/../lib/gcc/arm-none-eabi/6.3.1/../../../../arm-none-eabi/lib/thumb/v6-m\libc_nano.a(lib_a-impure.o)
__sf_fake_stdout                                  c:/program files (x86)/atmel/studio/7.0/toolchain/arm/arm-gnu-toolchain/bin/../lib/gcc/arm-none-eabi/6.3.1/../../../../arm-none-eabi/lib/thumb/v6-m\libc_nano.a(lib_a-impure.o)
__stack                                           c:/program files (x86)/atmel/studio/7.0/toolchain/arm/arm-gnu-toolchain/bin/../lib/gcc/arm-none-eabi/6.3.1/../../../../arm-none-eabi/lib/thumb/v6-m/crt0.o
__udivsi3                                         c:/program files (x86)/atmel/studio/7.0/toolchain/arm/arm-gnu-toolchain/bin/../lib/gcc/arm-none-eabi/6.3.1/thumb/v6-m\libgcc.a(_udivsi3.o)
_adc_apbcmasks                                    src/ASF/sam0/drivers/adc/adc_sam_l_c/adc.o
_adc_biascomp_addr                                src/ASF/sam0/drivers/adc/adc_sam_l_c/adc.o
_adc_biascomp_pos                                 src/ASF/sam0/drivers/adc/adc_sam_l_c/adc.o
_adc_biasrefbuf_addr                              src/ASF/sam0/drivers/adc/adc_sam_l_c/adc.o
_adc_biasrefbuf_pos                               src/ASF/sam0/drivers/adc/adc_sam_l_c/adc.o
_adc_extchannel_msb                               src/ASF/sam0/drivers/adc/adc_sam_l_c/adc.o
_adc_gclk_ids                                     src/ASF/sam0/drivers/adc/adc_sam_l_c/adc.o
_adc_get_inst_index                               src/ASF/sam0/drivers/adc/adc_sam_l_c/adc.o
                                                  src/main.o
_adc_instances                                    src/ASF/sam0/drivers/adc/adc_sam_l_c/adc_callback.o
                                                  src/ASF/sam0/drivers/adc/adc_sam_l_c/adc.o
_close                                            src/ASF/sam0/utils/syscalls/gcc/syscalls.o
_end                                              src/ASF/sam0/utils/syscalls/gcc/syscalls.o
_erelocate                                        src/ASF/sam0/utils/cmsis/samc21/source/gcc/startup_samc21.o
_estack                                           src/ASF/sam0/utils/cmsis/samc21/source/gcc/startup_samc21.o
_etext                                            src/ASF/sam0/utils/cmsis/samc21/source/gcc/startup_samc21.o
_exit                                             src/ASF/sam0/utils/syscalls/gcc/syscalls.o
                                                  c:/program files (x86)/atmel/studio/7.0/toolchain/arm/arm-gnu-toolchain/bin/../lib/gcc/arm-none-eabi/6.3.1/../../../../arm-none-eabi/lib/thumb/v6-m\libc_nano.a(lib_a-exit.o)
_ezero                                            src/ASF/sam0/utils/cmsis/samc21/source/gcc/startup_samc21.o
_fini                                             c:/program files (x86)/atmel/studio/7.0/toolchain/arm/arm-gnu-toolchain/bin/../lib/gcc/arm-none-eabi/6.3.1/thumb/v6-m/crti.o
_fstat                                            src/ASF/sam0/utils/syscalls/gcc/syscalls.o
_getpid                                           src/ASF/sam0/utils/syscalls/gcc/syscalls.o
_global_impure_ptr                                c:/program files (x86)/atmel/studio/7.0/toolchain/arm/arm-gnu-toolchain/bin/../lib/gcc/arm-none-eabi/6.3.1/../../../../arm-none-eabi/lib/thumb/v6-m\libc_nano.a(lib_a-impure.o)
                                                  c:/program files (x86)/atmel/studio/7.0/toolchain/arm/arm-gnu-toolchain/bin/../lib/gcc/arm-none-eabi/6.3.1/../../../../arm-none-eabi/lib/thumb/v6-m\libc_nano.a(lib_a-exit.o)
_i2c_master_address_response                      src/ASF/sam0/drivers/sercom/i2c/i2c_sam0/i2c_master.o
                                                  src/ASF/sam0/drivers/sercom/i2c/i2c_sam0/i2c_master_interrupt.o
_i2c_master_interrupt_handler                     src/ASF/sam0/drivers/sercom/i2c/i2c_sam0/i2c_master_interrupt.o
                                                  src/ASF/sam0/drivers/sercom/i2c/i2c_sam0/i2c_master.o
_i2c_master_send_hs_master_code                   src/ASF/sam0/drivers/sercom/i2c/i2c_sam0/i2c_master.o
                                                  src/ASF/sam0/drivers/sercom/i2c/i2c_sam0/i2c_master_interrupt.o
_i2c_master_wait_for_bus                          src/ASF/sam0/drivers/sercom/i2c/i2c_sam0/i2c_master.o
                                                  src/ASF/sam0/drivers/sercom/i2c/i2c_sam0/i2c_master_interrupt.o
_impure_ptr                                       c:/program files (x86)/atmel/studio/7.0/toolchain/arm/arm-gnu-toolchain/bin/../lib/gcc/arm-none-eabi/6.3.1/../../../../arm-none-eabi/lib/thumb/v6-m\libc_nano.a(lib_a-impure.o)
_init                                             c:/program files (x86)/atmel/studio/7.0/toolchain/arm/arm-gnu-toolchain/bin/../lib/gcc/arm-none-eabi/6.3.1/thumb/v6-m/crti.o
                                                  c:/program files (x86)/atmel/studio/7.0/toolchain/arm/arm-gnu-toolchain/bin/../lib/gcc/arm-none-eabi/6.3.1/../../../../arm-none-eabi/lib/thumb/v6-m\libc_nano.a(lib_a-init.o)
_isatty                                           src/ASF/sam0/utils/syscalls/gcc/syscalls.o
_kill                                             src/ASF/sam0/utils/syscalls/gcc/syscalls.o
_lseek                                            src/ASF/sam0/utils/syscalls/gcc/syscalls.o
_mainCRTStartup                                   c:/program files (x86)/atmel/studio/7.0/toolchain/arm/arm-gnu-toolchain/bin/../lib/gcc/arm-none-eabi/6.3.1/../../../../arm-none-eabi/lib/thumb/v6-m/crt0.o
_sbrk                                             src/ASF/sam0/utils/syscalls/gcc/syscalls.o
_sercom_get_async_baud_val                        src/ASF/sam0/drivers/sercom/sercom.o
_sercom_get_default_pad                           src/ASF/sam0/drivers/sercom/sercom.o
                                                  src/ASF/sam0/drivers/sercom/i2c/i2c_sam0/i2c_master.o
_sercom_get_interrupt_vector                      src/ASF/sam0/drivers/sercom/sercom_interrupt.o
                                                  src/ASF/sam0/drivers/sercom/i2c/i2c_sam0/i2c_master.o
_sercom_get_sercom_inst_index                     src/ASF/sam0/drivers/sercom/sercom.o
                                                  src/ASF/sam0/drivers/sercom/sercom_interrupt.o
                                                  src/ASF/sam0/drivers/sercom/i2c/i2c_sam0/i2c_master.o
_sercom_get_sync_baud_val                         src/ASF/sam0/drivers/sercom/sercom.o
_sercom_instances                                 src/ASF/sam0/drivers/sercom/sercom_interrupt.o
                                                  src/ASF/sam0/drivers/sercom/i2c/i2c_sam0/i2c_master_interrupt.o
                                                  src/ASF/sam0/drivers/sercom/i2c/i2c_sam0/i2c_master.o
_sercom_set_handler                               src/ASF/sam0/drivers/sercom/sercom_interrupt.o
                                                  src/ASF/sam0/drivers/sercom/i2c/i2c_sam0/i2c_master.o
_sfixed                                           src/ASF/sam0/utils/cmsis/samc21/source/gcc/startup_samc21.o
_srelocate                                        src/ASF/sam0/utils/cmsis/samc21/source/gcc/startup_samc21.o
_start                                            c:/program files (x86)/atmel/studio/7.0/toolchain/arm/arm-gnu-toolchain/bin/../lib/gcc/arm-none-eabi/6.3.1/../../../../arm-none-eabi/lib/thumb/v6-m/crt0.o
_system_divas_init                                src/ASF/sam0/drivers/system/system.o
_system_dummy_init                                src/ASF/sam0/drivers/system/system.o
_system_events_init                               src/ASF/sam0/drivers/system/system.o
_system_extint_init                               src/ASF/sam0/drivers/system/system.o
_szero                                            src/ASF/sam0/utils/cmsis/samc21/source/gcc/startup_samc21.o
adc_abort_job                                     src/ASF/sam0/drivers/adc/adc_sam_l_c/adc_callback.o
adc_callback                                      src/main.o
adc_channel                                       src/main.o
adc_channel_index                                 src/main.o
adc_channel_vals                                  src/main.o
adc_get_config_defaults                           src/ASF/sam0/drivers/adc/adc_sam_l_c/adc.o
                                                  src/main.o
adc_get_job_status                                src/ASF/sam0/drivers/adc/adc_sam_l_c/adc_callback.o
adc_init                                          src/ASF/sam0/drivers/adc/adc_sam_l_c/adc.o
                                                  src/main.o
adc_instance                                      src/main.o
adc_read_buffer_job                               src/ASF/sam0/drivers/adc/adc_sam_l_c/adc_callback.o
                                                  src/main.o
adc_register_callback                             src/ASF/sam0/drivers/adc/adc_sam_l_c/adc_callback.o
                                                  src/main.o
adc_sample_buffer                                 src/main.o
adc_section_done                                  src/main.o
adc_set_window_mode                               src/ASF/sam0/drivers/adc/adc_sam_l_c/adc.o
adc_unregister_callback                           src/ASF/sam0/drivers/adc/adc_sam_l_c/adc_callback.o
atexit                                            c:/program files (x86)/atmel/studio/7.0/toolchain/arm/arm-gnu-toolchain/bin/../lib/gcc/arm-none-eabi/6.3.1/../../../../arm-none-eabi/lib/thumb/v6-m/crt0.o
board_config                                      src/main.o
board_id                                          src/main.o
board_init                                        src/ASF/common2/boards/user_board/init.o
board_type                                        src/main.o
can_disable_bus_monitor_mode                      src/ASF/sam0/drivers/can/can.o
can_disable_fd_mode                               src/ASF/sam0/drivers/can/can.o
can_disable_restricted_operation_mode             src/ASF/sam0/drivers/can/can.o
can_disable_sleep_mode                            src/ASF/sam0/drivers/can/can.o
can_disable_test_mode                             src/ASF/sam0/drivers/can/can.o
can_enable_bus_monitor_mode                       src/ASF/sam0/drivers/can/can.o
can_enable_fd_mode                                src/ASF/sam0/drivers/can/can.o
can_enable_restricted_operation_mode              src/ASF/sam0/drivers/can/can.o
can_enable_sleep_mode                             src/ASF/sam0/drivers/can/can.o
can_enable_test_mode                              src/ASF/sam0/drivers/can/can.o
can_fd_set_baudrate                               src/ASF/sam0/drivers/can/can.o
can_get_rx_buffer_element                         src/ASF/sam0/drivers/can/can.o
can_get_rx_fifo_0_element                         src/ASF/sam0/drivers/can/can.o
can_get_rx_fifo_1_element                         src/ASF/sam0/drivers/can/can.o
can_get_tx_event_fifo_element                     src/ASF/sam0/drivers/can/can.o
can_init                                          src/ASF/sam0/drivers/can/can.o
                                                  src/main.o
can_instance                                      src/main.o
can_set_baudrate                                  src/ASF/sam0/drivers/can/can.o
can_set_rx_extended_filter                        src/ASF/sam0/drivers/can/can.o
can_set_rx_standard_filter                        src/ASF/sam0/drivers/can/can.o
can_set_tx_buffer_element                         src/ASF/sam0/drivers/can/can.o
can_start                                         src/ASF/sam0/drivers/can/can.o
                                                  src/main.o
can_stop                                          src/ASF/sam0/drivers/can/can.o
configure_adc                                     src/main.o
configure_can                                     src/main.o
configure_i2c                                     src/main.o
cpu_irq_enter_critical                            src/ASF/common/utils/interrupt/interrupt_sam_nvic.o
                                                  src/ASF/sam0/drivers/system/clock/clock_samc20_c21/gclk.o
                                                  src/ASF/sam0/drivers/sercom/i2c/i2c_sam0/i2c_master.o
cpu_irq_leave_critical                            src/ASF/common/utils/interrupt/interrupt_sam_nvic.o
                                                  src/ASF/sam0/drivers/system/clock/clock_samc20_c21/gclk.o
                                                  src/ASF/sam0/drivers/sercom/i2c/i2c_sam0/i2c_master.o
delay_cycles_ms                                   src/ASF/common2/services/delay/sam0/systick_counter.o
delay_cycles_us                                   src/ASF/common2/services/delay/sam0/systick_counter.o
delay_init                                        src/ASF/common2/services/delay/sam0/systick_counter.o
exception_table                                   src/ASF/sam0/utils/cmsis/samc21/source/gcc/startup_samc21.o
exit                                              c:/program files (x86)/atmel/studio/7.0/toolchain/arm/arm-gnu-toolchain/bin/../lib/gcc/arm-none-eabi/6.3.1/../../../../arm-none-eabi/lib/thumb/v6-m\libc_nano.a(lib_a-exit.o)
                                                  c:/program files (x86)/atmel/studio/7.0/toolchain/arm/arm-gnu-toolchain/bin/../lib/gcc/arm-none-eabi/6.3.1/../../../../arm-none-eabi/lib/thumb/v6-m/crt0.o
g_interrupt_enabled                               src/ASF/common/utils/interrupt/interrupt_sam_nvic.o
                                                  src/main.o
gclk_chan_conf                                    src/ASF/sam0/drivers/can/can.o
get_pinstrap_id                                   src/main.o
hardware_init_hook                                c:/program files (x86)/atmel/studio/7.0/toolchain/arm/arm-gnu-toolchain/bin/../lib/gcc/arm-none-eabi/6.3.1/../../../../arm-none-eabi/lib/thumb/v6-m/crt0.o
i2c_callback                                      src/main.o
i2c_instance                                      src/main.o
i2c_master_init                                   src/ASF/sam0/drivers/sercom/i2c/i2c_sam0/i2c_master.o
i2c_master_read_byte                              src/ASF/sam0/drivers/sercom/i2c/i2c_sam0/i2c_master.o
i2c_master_read_bytes                             src/ASF/sam0/drivers/sercom/i2c/i2c_sam0/i2c_master_interrupt.o
i2c_master_read_packet_job                        src/ASF/sam0/drivers/sercom/i2c/i2c_sam0/i2c_master_interrupt.o
i2c_master_read_packet_job_no_nack                src/ASF/sam0/drivers/sercom/i2c/i2c_sam0/i2c_master_interrupt.o
i2c_master_read_packet_job_no_stop                src/ASF/sam0/drivers/sercom/i2c/i2c_sam0/i2c_master_interrupt.o
i2c_master_read_packet_wait                       src/ASF/sam0/drivers/sercom/i2c/i2c_sam0/i2c_master.o
i2c_master_read_packet_wait_no_nack               src/ASF/sam0/drivers/sercom/i2c/i2c_sam0/i2c_master.o
i2c_master_read_packet_wait_no_stop               src/ASF/sam0/drivers/sercom/i2c/i2c_sam0/i2c_master.o
i2c_master_register_callback                      src/ASF/sam0/drivers/sercom/i2c/i2c_sam0/i2c_master_interrupt.o
i2c_master_reset                                  src/ASF/sam0/drivers/sercom/i2c/i2c_sam0/i2c_master.o
i2c_master_send_nack                              src/ASF/sam0/drivers/sercom/i2c/i2c_sam0/i2c_master.o
i2c_master_send_stop                              src/ASF/sam0/drivers/sercom/i2c/i2c_sam0/i2c_master.o
i2c_master_unregister_callback                    src/ASF/sam0/drivers/sercom/i2c/i2c_sam0/i2c_master_interrupt.o
i2c_master_write_byte                             src/ASF/sam0/drivers/sercom/i2c/i2c_sam0/i2c_master.o
i2c_master_write_bytes                            src/ASF/sam0/drivers/sercom/i2c/i2c_sam0/i2c_master_interrupt.o
i2c_master_write_packet_job                       src/ASF/sam0/drivers/sercom/i2c/i2c_sam0/i2c_master_interrupt.o
i2c_master_write_packet_job_no_stop               src/ASF/sam0/drivers/sercom/i2c/i2c_sam0/i2c_master_interrupt.o
i2c_master_write_packet_wait                      src/ASF/sam0/drivers/sercom/i2c/i2c_sam0/i2c_master.o
i2c_master_write_packet_wait_no_stop              src/ASF/sam0/drivers/sercom/i2c/i2c_sam0/i2c_master.o
i2c_section_done                                  src/main.o
i2c_temperature_vals                              src/main.o
link                                              src/ASF/sam0/utils/syscalls/gcc/syscalls.o
loop_adc                                          src/main.o
loop_can                                          src/main.o
loop_i2c                                          src/main.o
main                                              src/main.o
                                                  src/ASF/sam0/utils/cmsis/samc21/source/gcc/startup_samc21.o
                                                  c:/program files (x86)/atmel/studio/7.0/toolchain/arm/arm-gnu-toolchain/bin/../lib/gcc/arm-none-eabi/6.3.1/../../../../arm-none-eabi/lib/thumb/v6-m/crt0.o
memcpy                                            c:/program files (x86)/atmel/studio/7.0/toolchain/arm/arm-gnu-toolchain/bin/../lib/gcc/arm-none-eabi/6.3.1/../../../../arm-none-eabi/lib/thumb/v6-m\libc_nano.a(lib_a-memcpy-stub.o)
                                                  src/ASF/sam0/drivers/can/can.o
memset                                            c:/program files (x86)/atmel/studio/7.0/toolchain/arm/arm-gnu-toolchain/bin/../lib/gcc/arm-none-eabi/6.3.1/../../../../arm-none-eabi/lib/thumb/v6-m\libc_nano.a(lib_a-memset.o)
                                                  c:/program files (x86)/atmel/studio/7.0/toolchain/arm/arm-gnu-toolchain/bin/../lib/gcc/arm-none-eabi/6.3.1/../../../../arm-none-eabi/lib/thumb/v6-m/crt0.o
port_group_set_config                             src/ASF/sam0/drivers/port/port.o
                                                  src/ASF/common2/boards/user_board/init.o
port_pin_set_config                               src/ASF/sam0/drivers/port/port.o
                                                  src/ASF/common2/boards/user_board/init.o
rd_packet                                         src/main.o
sercom_set_gclk_generator                         src/ASF/sam0/drivers/sercom/sercom.o
                                                  src/ASF/sam0/drivers/sercom/i2c/i2c_sam0/i2c_master.o
software_init_hook                                c:/program files (x86)/atmel/studio/7.0/toolchain/arm/arm-gnu-toolchain/bin/../lib/gcc/arm-none-eabi/6.3.1/../../../../arm-none-eabi/lib/thumb/v6-m/crt0.o
system_board_init                                 src/ASF/common2/boards/user_board/init.o
system_clock_init                                 src/ASF/sam0/drivers/system/clock/clock_samc20_c21/clock.o
system_clock_source_disable                       src/ASF/sam0/drivers/system/clock/clock_samc20_c21/clock.o
system_clock_source_dpll_set_config               src/ASF/sam0/drivers/system/clock/clock_samc20_c21/clock.o
system_clock_source_enable                        src/ASF/sam0/drivers/system/clock/clock_samc20_c21/clock.o
system_clock_source_get_hz                        src/ASF/sam0/drivers/system/clock/clock_samc20_c21/clock.o
                                                  src/ASF/sam0/drivers/system/clock/clock_samc20_c21/gclk.o
system_clock_source_is_ready                      src/ASF/sam0/drivers/system/clock/clock_samc20_c21/clock.o
system_clock_source_osc32k_set_config             src/ASF/sam0/drivers/system/clock/clock_samc20_c21/clock.o
system_clock_source_osc48m_set_config             src/ASF/sam0/drivers/system/clock/clock_samc20_c21/clock.o
system_clock_source_osculp32k_set_config          src/ASF/sam0/drivers/system/clock/clock_samc20_c21/clock.o
system_clock_source_write_calibration             src/ASF/sam0/drivers/system/clock/clock_samc20_c21/clock.o
system_clock_source_xosc32k_set_config            src/ASF/sam0/drivers/system/clock/clock_samc20_c21/clock.o
system_clock_source_xosc_set_config               src/ASF/sam0/drivers/system/clock/clock_samc20_c21/clock.o
system_gclk_chan_disable                          src/ASF/sam0/drivers/system/clock/clock_samc20_c21/gclk.o
system_gclk_chan_enable                           src/ASF/sam0/drivers/system/clock/clock_samc20_c21/gclk.o
                                                  src/ASF/sam0/drivers/can/can.o
                                                  src/ASF/sam0/drivers/sercom/sercom.o
                                                  src/ASF/sam0/drivers/sercom/i2c/i2c_sam0/i2c_master.o
                                                  src/ASF/sam0/drivers/adc/adc_sam_l_c/adc.o
system_gclk_chan_get_hz                           src/ASF/sam0/drivers/system/clock/clock_samc20_c21/gclk.o
                                                  src/ASF/sam0/drivers/can/can.o
                                                  src/ASF/sam0/drivers/sercom/i2c/i2c_sam0/i2c_master.o
system_gclk_chan_is_enabled                       src/ASF/sam0/drivers/system/clock/clock_samc20_c21/gclk.o
system_gclk_chan_is_locked                        src/ASF/sam0/drivers/system/clock/clock_samc20_c21/gclk.o
system_gclk_chan_lock                             src/ASF/sam0/drivers/system/clock/clock_samc20_c21/gclk.o
system_gclk_chan_set_config                       src/ASF/sam0/drivers/system/clock/clock_samc20_c21/gclk.o
                                                  src/ASF/sam0/drivers/can/can.o
                                                  src/ASF/sam0/drivers/sercom/sercom.o
                                                  src/ASF/sam0/drivers/sercom/i2c/i2c_sam0/i2c_master.o
                                                  src/ASF/sam0/drivers/adc/adc_sam_l_c/adc.o
system_gclk_gen_disable                           src/ASF/sam0/drivers/system/clock/clock_samc20_c21/gclk.o
system_gclk_gen_enable                            src/ASF/sam0/drivers/system/clock/clock_samc20_c21/gclk.o
                                                  src/ASF/sam0/drivers/system/clock/clock_samc20_c21/clock.o
system_gclk_gen_get_hz                            src/ASF/sam0/drivers/system/clock/clock_samc20_c21/gclk.o
                                                  src/ASF/common2/services/delay/sam0/systick_counter.o
system_gclk_gen_is_enabled                        src/ASF/sam0/drivers/system/clock/clock_samc20_c21/gclk.o
system_gclk_gen_set_config                        src/ASF/sam0/drivers/system/clock/clock_samc20_c21/gclk.o
                                                  src/ASF/sam0/drivers/system/clock/clock_samc20_c21/clock.o
system_gclk_init                                  src/ASF/sam0/drivers/system/clock/clock_samc20_c21/gclk.o
                                                  src/ASF/sam0/drivers/system/clock/clock_samc20_c21/clock.o
system_init                                       src/ASF/sam0/drivers/system/system.o
                                                  src/main.o
system_interrupt_clear_pending                    src/ASF/sam0/drivers/system/interrupt/system_interrupt.o
                                                  src/ASF/sam0/drivers/sercom/i2c/i2c_sam0/i2c_master.o
system_interrupt_get_priority                     src/ASF/sam0/drivers/system/interrupt/system_interrupt.o
system_interrupt_is_pending                       src/ASF/sam0/drivers/system/interrupt/system_interrupt.o
system_interrupt_set_pending                      src/ASF/sam0/drivers/system/interrupt/system_interrupt.o
system_interrupt_set_priority                     src/ASF/sam0/drivers/system/interrupt/system_interrupt.o
system_pinmux_group_set_config                    src/ASF/sam0/drivers/system/pinmux/pinmux.o
                                                  src/ASF/sam0/drivers/port/port.o
system_pinmux_group_set_input_sample_mode         src/ASF/sam0/drivers/system/pinmux/pinmux.o
system_pinmux_group_set_output_strength           src/ASF/sam0/drivers/system/pinmux/pinmux.o
system_pinmux_pin_set_config                      src/ASF/sam0/drivers/system/pinmux/pinmux.o
                                                  src/main.o
                                                  src/ASF/sam0/drivers/sercom/i2c/i2c_sam0/i2c_master.o
                                                  src/ASF/sam0/drivers/port/port.o
                                                  src/ASF/sam0/drivers/adc/adc_sam_l_c/adc.o
wr_packet                                         src/main.o
